---
source: compiler/src/compile/ir/optimisations.rs
expression: output
input_file: compiler/src/compile/ir/snapshot_tests/optimisations/constant_conditional/if_true_false.tapir
---
----------- before -------------
=======================
fn @toplevel() -> 

---- block 3 ----
temp.7 = bool true
conditional_jump temp.7 0 1

---- block 0 ----
temp.8 = int 5
storeprop temp.8, 0
jmp 2

---- block 1 ----
temp.9 = int 9
storeprop temp.9, 0
jmp 2

---- block 2 ----
wait
temp.10 = bool false
conditional_jump temp.10 4 5

---- block 4 ----
temp.11 = int 15
storeprop temp.11, 0
jmp 6

---- block 5 ----
temp.12 = int 19
storeprop temp.12, 0
jmp 6

---- block 6 ----
return 


----------- remove_constant_conditionals -------------
=======================
fn @toplevel() -> 

---- block 3 ----
temp.7 = bool true
jmp 0

---- block 0 ----
temp.8 = int 5
storeprop temp.8, 0
jmp 2

---- block 2 ----
wait
temp.10 = bool false
jmp 5

---- block 5 ----
temp.12 = int 19
storeprop temp.12, 0
jmp 6

---- block 6 ----
return
