---
source: compiler/src/compile/ir/optimisations.rs
expression: output
input_file: compiler/src/compile/ir/snapshot_tests/optimisations/dead_store_elimination/struct_partial_use.tapir
---
----------- before -------------
=======================
fn @toplevel() -> 

---- block 0 ----
return 

=======================
fn test() -> int

---- block 0 ----
temp.16 = int 10
temp.17 = int 20
temp.1.x.18 = temp.16
temp.1.y.19 = temp.17
temp.20 = temp.1.x.18
p.x.21 = temp.20
temp.22 = temp.1.y.19
p.y.23 = temp.22
temp.24 = p.x.21
temp.11.x.25 = temp.24
temp.26 = p.y.23
temp.11.y.27 = temp.26
temp.28 = temp.11.x.25
return temp.28


----------- dead_store_elimination -------------
=======================
fn @toplevel() -> 

---- block 0 ----
return 

=======================
fn test() -> int

---- block 0 ----
temp.16 = int 10
temp.17 = int 20
temp.1.x.18 = temp.16
temp.1.y.19 = temp.17
temp.20 = temp.1.x.18
p.x.21 = temp.20
temp.22 = temp.1.y.19
p.y.23 = temp.22
temp.24 = p.x.21
temp.11.x.25 = temp.24
temp.26 = p.y.23
temp.28 = temp.11.x.25
return temp.28


----------- dead_store_elimination -------------
=======================
fn @toplevel() -> 

---- block 0 ----
return 

=======================
fn test() -> int

---- block 0 ----
temp.16 = int 10
temp.17 = int 20
temp.1.x.18 = temp.16
temp.1.y.19 = temp.17
temp.20 = temp.1.x.18
p.x.21 = temp.20
temp.22 = temp.1.y.19
p.y.23 = temp.22
temp.24 = p.x.21
temp.11.x.25 = temp.24
temp.28 = temp.11.x.25
return temp.28


----------- dead_store_elimination -------------
=======================
fn @toplevel() -> 

---- block 0 ----
return 

=======================
fn test() -> int

---- block 0 ----
temp.16 = int 10
temp.17 = int 20
temp.1.x.18 = temp.16
temp.1.y.19 = temp.17
temp.20 = temp.1.x.18
p.x.21 = temp.20
temp.22 = temp.1.y.19
temp.24 = p.x.21
temp.11.x.25 = temp.24
temp.28 = temp.11.x.25
return temp.28


----------- dead_store_elimination -------------
=======================
fn @toplevel() -> 

---- block 0 ----
return 

=======================
fn test() -> int

---- block 0 ----
temp.16 = int 10
temp.17 = int 20
temp.1.x.18 = temp.16
temp.1.y.19 = temp.17
temp.20 = temp.1.x.18
p.x.21 = temp.20
temp.24 = p.x.21
temp.11.x.25 = temp.24
temp.28 = temp.11.x.25
return temp.28


----------- dead_store_elimination -------------
=======================
fn @toplevel() -> 

---- block 0 ----
return 

=======================
fn test() -> int

---- block 0 ----
temp.16 = int 10
temp.17 = int 20
temp.1.x.18 = temp.16
temp.20 = temp.1.x.18
p.x.21 = temp.20
temp.24 = p.x.21
temp.11.x.25 = temp.24
temp.28 = temp.11.x.25
return temp.28


----------- dead_store_elimination -------------
=======================
fn @toplevel() -> 

---- block 0 ----
return 

=======================
fn test() -> int

---- block 0 ----
temp.16 = int 10
temp.1.x.18 = temp.16
temp.20 = temp.1.x.18
p.x.21 = temp.20
temp.24 = p.x.21
temp.11.x.25 = temp.24
temp.28 = temp.11.x.25
return temp.28
