---
source: compiler/src/compile/ir/optimisations.rs
expression: output
input_file: compiler/src/compile/ir/snapshot_tests/optimisations/integration/struct_swap.tapir
---
----------- before -------------
=======================
fn @toplevel() -> 

---- block 0 ----
temp.38 = int 1
temp.39 = int 2
temp.4.x.40 = temp.38
temp.4.y.41 = temp.39
a.x.42 = temp.4.x.40
a.y.43 = temp.4.y.41
temp.44 = int 3
temp.45 = int 4
temp.11.x.46 = temp.44
temp.11.y.47 = temp.45
b.x.48 = temp.11.x.46
b.y.49 = temp.11.y.47
temp.18.x.50 = a.x.42
temp.18.y.51 = a.y.43
temp.x.52 = temp.18.x.50
temp.y.53 = temp.18.y.51
temp.23.x.54 = b.x.48
temp.23.y.55 = b.y.49
a.x.56 = temp.23.x.54
a.y.57 = temp.23.y.55
temp.26.x.58 = temp.x.52
temp.26.y.59 = temp.y.53
b.x.60 = temp.26.x.58
b.y.61 = temp.26.y.59
temp.32.x.62 = a.x.56
temp.32.y.63 = a.y.57
temp.64 = temp.32.x.62
temp.35.x.65 = b.x.60
temp.35.y.66 = b.y.61
temp.67 = temp.35.y.66
temp.68 = temp.64 + temp.67
storeprop temp.68, 0
return 


----------- copy_propagation -------------
=======================
fn @toplevel() -> 

---- block 0 ----
temp.38 = int 1
temp.39 = int 2
temp.4.x.40 = temp.38
temp.4.y.41 = temp.39
a.x.42 = temp.38
a.y.43 = temp.39
temp.44 = int 3
temp.45 = int 4
temp.11.x.46 = temp.44
temp.11.y.47 = temp.45
b.x.48 = temp.44
b.y.49 = temp.45
temp.18.x.50 = temp.38
temp.18.y.51 = temp.39
temp.x.52 = temp.38
temp.y.53 = temp.39
temp.23.x.54 = temp.44
temp.23.y.55 = temp.45
a.x.56 = temp.44
a.y.57 = temp.45
temp.26.x.58 = temp.38
temp.26.y.59 = temp.39
b.x.60 = temp.38
b.y.61 = temp.39
temp.32.x.62 = temp.44
temp.32.y.63 = temp.45
temp.64 = temp.44
temp.35.x.65 = temp.38
temp.35.y.66 = temp.39
temp.67 = temp.39
temp.68 = temp.44 + temp.39
storeprop temp.68, 0
return 


----------- dead_store_elimination -------------
=======================
fn @toplevel() -> 

---- block 0 ----
temp.38 = int 1
temp.39 = int 2
temp.44 = int 3
temp.45 = int 4
temp.68 = temp.44 + temp.39
storeprop temp.68, 0
return 


----------- constant_folding -------------
=======================
fn @toplevel() -> 

---- block 0 ----
temp.38 = int 1
temp.39 = int 2
temp.44 = int 3
temp.45 = int 4
temp.68 = int 5
storeprop temp.68, 0
return 


----------- dead_store_elimination -------------
=======================
fn @toplevel() -> 

---- block 0 ----
temp.68 = int 5
storeprop temp.68, 0
return
