---
source: compiler/src/compile/ir/optimisations.rs
expression: output
input_file: compiler/src/compile/ir/snapshot_tests/optimisations/integration/struct_basic.tapir
---
----------- before -------------
=======================
fn @toplevel() -> 

---- block 0 ----
temp.26 = int 5
temp.27 = int 10
temp.3.x.28 = temp.26
temp.3.y.29 = temp.27
p.x.30 = temp.3.x.28
p.y.31 = temp.3.y.29
temp.11.x.32 = p.x.30
temp.11.y.33 = p.y.31
temp.34 = add_coordinates(temp.11.x.32, temp.11.y.33)
temp.35 = temp.34
storeprop temp.35, 0
return 

=======================
fn add_coordinates(p.x.15, p.y.16) -> int

---- block 0 ----
temp.20.x.36 = p.x.15
temp.20.y.37 = p.y.16
temp.38 = temp.20.x.36
temp.23.x.39 = p.x.15
temp.23.y.40 = p.y.16
temp.41 = temp.23.y.40
temp.42 = temp.38 + temp.41
return temp.42


----------- copy_propagation -------------
=======================
fn @toplevel() -> 

---- block 0 ----
temp.26 = int 5
temp.27 = int 10
temp.3.x.28 = temp.26
temp.3.y.29 = temp.27
p.x.30 = temp.26
p.y.31 = temp.27
temp.11.x.32 = temp.26
temp.11.y.33 = temp.27
temp.34 = add_coordinates(temp.26, temp.27)
temp.35 = temp.34
storeprop temp.34, 0
return 

=======================
fn add_coordinates(p.x.15, p.y.16) -> int

---- block 0 ----
temp.20.x.36 = p.x.15
temp.20.y.37 = p.y.16
temp.38 = p.x.15
temp.23.x.39 = p.x.15
temp.23.y.40 = p.y.16
temp.41 = p.y.16
temp.42 = p.x.15 + p.y.16
return temp.42


----------- dead_store_elimination -------------
=======================
fn @toplevel() -> 

---- block 0 ----
temp.26 = int 5
temp.27 = int 10
temp.34 = add_coordinates(temp.26, temp.27)
storeprop temp.34, 0
return 

=======================
fn add_coordinates(p.x.15, p.y.16) -> int

---- block 0 ----
temp.42 = p.x.15 + p.y.16
return temp.42


----------- inline_small_functions -------------
=======================
fn @toplevel() -> 

---- block 0 ----
temp.26 = int 5
temp.27 = int 10
jmp 2

---- block 2 ----
temp.44 = temp.26 + temp.27
jmp 4

---- block 4 ----
temp.43 = φ(temp.44 from 2)
temp.34 = temp.43
jmp 1

---- block 1 ----
storeprop temp.34, 0
return 

=======================
fn add_coordinates(p.x.15, p.y.16) -> int

---- block 0 ----
temp.42 = p.x.15 + p.y.16
return temp.42


----------- remove_unreferenced_functions -------------
=======================
fn @toplevel() -> 

---- block 0 ----
temp.26 = int 5
temp.27 = int 10
jmp 2

---- block 2 ----
temp.44 = temp.26 + temp.27
jmp 4

---- block 4 ----
temp.43 = φ(temp.44 from 2)
temp.34 = temp.43
jmp 1

---- block 1 ----
storeprop temp.34, 0
return 


----------- empty_phi -------------
=======================
fn @toplevel() -> 

---- block 0 ----
temp.26 = int 5
temp.27 = int 10
jmp 2

---- block 2 ----
temp.44 = temp.26 + temp.27
jmp 4

---- block 4 ----
temp.34 = temp.44
jmp 1

---- block 1 ----
storeprop temp.34, 0
return 


----------- simplify_blocks -------------
=======================
fn @toplevel() -> 

---- block 0 ----
temp.26 = int 5
temp.27 = int 10
temp.44 = temp.26 + temp.27
jmp 2

---- block 2 ----
temp.34 = temp.44
jmp 4

---- block 4 ----
storeprop temp.34, 0
jmp 1

---- block 1 ----
return 


----------- copy_propagation -------------
=======================
fn @toplevel() -> 

---- block 0 ----
temp.26 = int 5
temp.27 = int 10
temp.44 = temp.26 + temp.27
jmp 2

---- block 2 ----
temp.34 = temp.44
jmp 4

---- block 4 ----
storeprop temp.44, 0
jmp 1

---- block 1 ----
return 


----------- dead_store_elimination -------------
=======================
fn @toplevel() -> 

---- block 0 ----
temp.26 = int 5
temp.27 = int 10
temp.44 = temp.26 + temp.27
jmp 2

---- block 2 ----
jmp 4

---- block 4 ----
storeprop temp.44, 0
jmp 1

---- block 1 ----
return 


----------- constant_folding -------------
=======================
fn @toplevel() -> 

---- block 0 ----
temp.26 = int 5
temp.27 = int 10
temp.44 = int 15
jmp 2

---- block 2 ----
jmp 4

---- block 4 ----
storeprop temp.44, 0
jmp 1

---- block 1 ----
return 


----------- empty_block -------------
=======================
fn @toplevel() -> 

---- block 0 ----
temp.26 = int 5
temp.27 = int 10
temp.44 = int 15
jmp 4

---- block 4 ----
storeprop temp.44, 0
return 


----------- simplify_blocks -------------
=======================
fn @toplevel() -> 

---- block 0 ----
temp.26 = int 5
temp.27 = int 10
temp.44 = int 15
storeprop temp.44, 0
jmp 4

---- block 4 ----
return 


----------- dead_store_elimination -------------
=======================
fn @toplevel() -> 

---- block 0 ----
temp.44 = int 15
storeprop temp.44, 0
jmp 4

---- block 4 ----
return 


----------- empty_block -------------
=======================
fn @toplevel() -> 

---- block 0 ----
temp.44 = int 15
storeprop temp.44, 0
return
