---
source: compiler/src/compile/ir/optimisations.rs
expression: output
input_file: compiler/src/compile/ir/snapshot_tests/optimisations/dead_store_elimination/struct_partial_use.tapir
---
----------- before -------------
=======================
fn @toplevel() -> 

---- block 0 ----
return 

=======================
fn test() -> int

---- block 0 ----
temp.21 = int 10
temp.22 = int 20
temp.2.x.23 = temp.21
temp.2.y.24 = temp.22
temp.25 = temp.2.x.23
temp.1.x.26 = temp.25
temp.27 = temp.2.y.24
temp.1.y.28 = temp.27
temp.29 = temp.1.x.26
p.x.30 = temp.29
temp.31 = temp.1.y.28
p.y.32 = temp.31
temp.33 = p.x.30
temp.16.x.34 = temp.33
temp.35 = p.y.32
temp.16.y.36 = temp.35
temp.37 = temp.16.x.34
return temp.37


----------- dead_store_elimination -------------
=======================
fn @toplevel() -> 

---- block 0 ----
return 

=======================
fn test() -> int

---- block 0 ----
temp.21 = int 10
temp.22 = int 20
temp.2.x.23 = temp.21
temp.2.y.24 = temp.22
temp.25 = temp.2.x.23
temp.1.x.26 = temp.25
temp.27 = temp.2.y.24
temp.1.y.28 = temp.27
temp.29 = temp.1.x.26
p.x.30 = temp.29
temp.31 = temp.1.y.28
p.y.32 = temp.31
temp.33 = p.x.30
temp.16.x.34 = temp.33
temp.35 = p.y.32
temp.37 = temp.16.x.34
return temp.37


----------- dead_store_elimination -------------
=======================
fn @toplevel() -> 

---- block 0 ----
return 

=======================
fn test() -> int

---- block 0 ----
temp.21 = int 10
temp.22 = int 20
temp.2.x.23 = temp.21
temp.2.y.24 = temp.22
temp.25 = temp.2.x.23
temp.1.x.26 = temp.25
temp.27 = temp.2.y.24
temp.1.y.28 = temp.27
temp.29 = temp.1.x.26
p.x.30 = temp.29
temp.31 = temp.1.y.28
p.y.32 = temp.31
temp.33 = p.x.30
temp.16.x.34 = temp.33
temp.37 = temp.16.x.34
return temp.37


----------- dead_store_elimination -------------
=======================
fn @toplevel() -> 

---- block 0 ----
return 

=======================
fn test() -> int

---- block 0 ----
temp.21 = int 10
temp.22 = int 20
temp.2.x.23 = temp.21
temp.2.y.24 = temp.22
temp.25 = temp.2.x.23
temp.1.x.26 = temp.25
temp.27 = temp.2.y.24
temp.1.y.28 = temp.27
temp.29 = temp.1.x.26
p.x.30 = temp.29
temp.31 = temp.1.y.28
temp.33 = p.x.30
temp.16.x.34 = temp.33
temp.37 = temp.16.x.34
return temp.37


----------- dead_store_elimination -------------
=======================
fn @toplevel() -> 

---- block 0 ----
return 

=======================
fn test() -> int

---- block 0 ----
temp.21 = int 10
temp.22 = int 20
temp.2.x.23 = temp.21
temp.2.y.24 = temp.22
temp.25 = temp.2.x.23
temp.1.x.26 = temp.25
temp.27 = temp.2.y.24
temp.1.y.28 = temp.27
temp.29 = temp.1.x.26
p.x.30 = temp.29
temp.33 = p.x.30
temp.16.x.34 = temp.33
temp.37 = temp.16.x.34
return temp.37


----------- dead_store_elimination -------------
=======================
fn @toplevel() -> 

---- block 0 ----
return 

=======================
fn test() -> int

---- block 0 ----
temp.21 = int 10
temp.22 = int 20
temp.2.x.23 = temp.21
temp.2.y.24 = temp.22
temp.25 = temp.2.x.23
temp.1.x.26 = temp.25
temp.27 = temp.2.y.24
temp.29 = temp.1.x.26
p.x.30 = temp.29
temp.33 = p.x.30
temp.16.x.34 = temp.33
temp.37 = temp.16.x.34
return temp.37


----------- dead_store_elimination -------------
=======================
fn @toplevel() -> 

---- block 0 ----
return 

=======================
fn test() -> int

---- block 0 ----
temp.21 = int 10
temp.22 = int 20
temp.2.x.23 = temp.21
temp.2.y.24 = temp.22
temp.25 = temp.2.x.23
temp.1.x.26 = temp.25
temp.29 = temp.1.x.26
p.x.30 = temp.29
temp.33 = p.x.30
temp.16.x.34 = temp.33
temp.37 = temp.16.x.34
return temp.37


----------- dead_store_elimination -------------
=======================
fn @toplevel() -> 

---- block 0 ----
return 

=======================
fn test() -> int

---- block 0 ----
temp.21 = int 10
temp.22 = int 20
temp.2.x.23 = temp.21
temp.25 = temp.2.x.23
temp.1.x.26 = temp.25
temp.29 = temp.1.x.26
p.x.30 = temp.29
temp.33 = p.x.30
temp.16.x.34 = temp.33
temp.37 = temp.16.x.34
return temp.37


----------- dead_store_elimination -------------
=======================
fn @toplevel() -> 

---- block 0 ----
return 

=======================
fn test() -> int

---- block 0 ----
temp.21 = int 10
temp.2.x.23 = temp.21
temp.25 = temp.2.x.23
temp.1.x.26 = temp.25
temp.29 = temp.1.x.26
p.x.30 = temp.29
temp.33 = p.x.30
temp.16.x.34 = temp.33
temp.37 = temp.16.x.34
return temp.37
