---
source: compiler/src/compile/ir/optimisations.rs
expression: output
input_file: compiler/src/compile/ir/snapshot_tests/optimisations/integration/struct_nested.tapir
---
----------- before -------------
=======================
fn @toplevel() -> 

---- block 0 ----
temp.205 = int 0
temp.206 = int 0
temp.8.x.207 = temp.205
temp.8.y.208 = temp.206
temp.209 = int 10
temp.210 = int 20
temp.13.x.211 = temp.209
temp.13.y.212 = temp.210
temp.7.origin.x.213 = temp.8.x.207
temp.7.origin.y.214 = temp.8.y.208
temp.7.size.x.215 = temp.13.x.211
temp.7.size.y.216 = temp.13.y.212
temp.217 = temp.7.origin.x.213
r.origin.x.218 = temp.217
temp.219 = temp.7.origin.y.214
r.origin.y.220 = temp.219
temp.221 = temp.7.size.x.215
r.size.x.222 = temp.221
temp.223 = temp.7.size.y.216
r.size.y.224 = temp.223
temp.225 = r.origin.x.218
temp.35.origin.x.226 = temp.225
temp.227 = r.origin.y.220
temp.35.origin.y.228 = temp.227
temp.229 = r.size.x.222
temp.35.size.x.230 = temp.229
temp.231 = r.size.y.224
temp.35.size.y.232 = temp.231
temp.233 = int 5
temp.234 = int 5
temp.34.origin.x.235, temp.34.origin.y.236, temp.34.size.x.237, temp.34.size.y.238 = move_rect(temp.35.origin.x.226, temp.35.origin.y.228, temp.35.size.x.230, temp.35.size.y.232, temp.233, temp.234)
temp.239 = temp.34.origin.x.235
moved.origin.x.240 = temp.239
temp.241 = temp.34.origin.y.236
moved.origin.y.242 = temp.241
temp.243 = temp.34.size.x.237
moved.size.x.244 = temp.243
temp.245 = temp.34.size.y.238
moved.size.y.246 = temp.245
temp.247 = moved.origin.x.240
temp.67.origin.x.248 = temp.247
temp.249 = moved.origin.y.242
temp.67.origin.y.250 = temp.249
temp.251 = moved.size.x.244
temp.67.size.x.252 = temp.251
temp.253 = moved.size.y.246
temp.67.size.y.254 = temp.253
temp.255 = rect_area(temp.67.origin.x.248, temp.67.origin.y.250, temp.67.size.x.252, temp.67.size.y.254)
temp.256 = moved.origin.x.240
temp.79.origin.x.257 = temp.256
temp.258 = moved.origin.y.242
temp.79.origin.y.259 = temp.258
temp.260 = moved.size.x.244
temp.79.size.x.261 = temp.260
temp.262 = moved.size.y.246
temp.79.size.y.263 = temp.262
temp.264 = temp.79.origin.x.257
temp.78.x.265 = temp.264
temp.266 = temp.79.origin.y.259
temp.78.y.267 = temp.266
temp.268 = temp.78.x.265
temp.269 = temp.255 + temp.268
storeprop temp.269, 0
return 

=======================
fn rect_area(r.origin.x.95, r.origin.y.96, r.size.x.98, r.size.y.99) -> int

---- block 0 ----
temp.270 = r.origin.x.95
temp.104.origin.x.271 = temp.270
temp.272 = r.origin.y.96
temp.104.origin.y.273 = temp.272
temp.274 = r.size.x.98
temp.104.size.x.275 = temp.274
temp.276 = r.size.y.99
temp.104.size.y.277 = temp.276
temp.278 = temp.104.size.x.275
temp.103.x.279 = temp.278
temp.280 = temp.104.size.y.277
temp.103.y.281 = temp.280
temp.282 = temp.103.x.279
temp.283 = r.origin.x.95
temp.120.origin.x.284 = temp.283
temp.285 = r.origin.y.96
temp.120.origin.y.286 = temp.285
temp.287 = r.size.x.98
temp.120.size.x.288 = temp.287
temp.289 = r.size.y.99
temp.120.size.y.290 = temp.289
temp.291 = temp.120.size.x.288
temp.119.x.292 = temp.291
temp.293 = temp.120.size.y.290
temp.119.y.294 = temp.293
temp.295 = temp.119.y.294
temp.296 = temp.282 * temp.295
return temp.296

=======================
fn move_rect(r.origin.x.136, r.origin.y.137, r.size.x.139, r.size.y.140, dx.5, dy.6) -> int, int, int, int

---- block 0 ----
temp.297 = r.origin.x.136
temp.147.origin.x.298 = temp.297
temp.299 = r.origin.y.137
temp.147.origin.y.300 = temp.299
temp.301 = r.size.x.139
temp.147.size.x.302 = temp.301
temp.303 = r.size.y.140
temp.147.size.y.304 = temp.303
temp.305 = temp.147.origin.x.298
temp.146.x.306 = temp.305
temp.307 = temp.147.origin.y.300
temp.146.y.308 = temp.307
temp.309 = temp.146.x.306
temp.310 = dx.5
temp.311 = temp.309 + temp.310
temp.312 = r.origin.x.136
temp.166.origin.x.313 = temp.312
temp.314 = r.origin.y.137
temp.166.origin.y.315 = temp.314
temp.316 = r.size.x.139
temp.166.size.x.317 = temp.316
temp.318 = r.size.y.140
temp.166.size.y.319 = temp.318
temp.320 = temp.166.origin.x.313
temp.165.x.321 = temp.320
temp.322 = temp.166.origin.y.315
temp.165.y.323 = temp.322
temp.324 = temp.165.y.323
temp.325 = dy.6
temp.326 = temp.324 + temp.325
temp.142.x.327 = temp.311
temp.142.y.328 = temp.326
temp.329 = r.origin.x.136
temp.184.origin.x.330 = temp.329
temp.331 = r.origin.y.137
temp.184.origin.y.332 = temp.331
temp.333 = r.size.x.139
temp.184.size.x.334 = temp.333
temp.335 = r.size.y.140
temp.184.size.y.336 = temp.335
temp.337 = temp.184.size.x.334
temp.183.x.338 = temp.337
temp.339 = temp.184.size.y.336
temp.183.y.340 = temp.339
temp.141.origin.x.341 = temp.142.x.327
temp.141.origin.y.342 = temp.142.y.328
temp.141.size.x.343 = temp.183.x.338
temp.141.size.y.344 = temp.183.y.340
return temp.141.origin.x.341, temp.141.origin.y.342, temp.141.size.x.343, temp.141.size.y.344


----------- copy_propagation -------------
=======================
fn @toplevel() -> 

---- block 0 ----
temp.205 = int 0
temp.206 = int 0
temp.8.x.207 = temp.205
temp.8.y.208 = temp.206
temp.209 = int 10
temp.210 = int 20
temp.13.x.211 = temp.209
temp.13.y.212 = temp.210
temp.7.origin.x.213 = temp.205
temp.7.origin.y.214 = temp.206
temp.7.size.x.215 = temp.209
temp.7.size.y.216 = temp.210
temp.217 = temp.205
r.origin.x.218 = temp.205
temp.219 = temp.206
r.origin.y.220 = temp.206
temp.221 = temp.209
r.size.x.222 = temp.209
temp.223 = temp.210
r.size.y.224 = temp.210
temp.225 = temp.205
temp.35.origin.x.226 = temp.205
temp.227 = temp.206
temp.35.origin.y.228 = temp.206
temp.229 = temp.209
temp.35.size.x.230 = temp.209
temp.231 = temp.210
temp.35.size.y.232 = temp.210
temp.233 = int 5
temp.234 = int 5
temp.34.origin.x.235, temp.34.origin.y.236, temp.34.size.x.237, temp.34.size.y.238 = move_rect(temp.205, temp.206, temp.209, temp.210, temp.233, temp.234)
temp.239 = temp.34.origin.x.235
moved.origin.x.240 = temp.34.origin.x.235
temp.241 = temp.34.origin.y.236
moved.origin.y.242 = temp.34.origin.y.236
temp.243 = temp.34.size.x.237
moved.size.x.244 = temp.34.size.x.237
temp.245 = temp.34.size.y.238
moved.size.y.246 = temp.34.size.y.238
temp.247 = temp.34.origin.x.235
temp.67.origin.x.248 = temp.34.origin.x.235
temp.249 = temp.34.origin.y.236
temp.67.origin.y.250 = temp.34.origin.y.236
temp.251 = temp.34.size.x.237
temp.67.size.x.252 = temp.34.size.x.237
temp.253 = temp.34.size.y.238
temp.67.size.y.254 = temp.34.size.y.238
temp.255 = rect_area(temp.34.origin.x.235, temp.34.origin.y.236, temp.34.size.x.237, temp.34.size.y.238)
temp.256 = temp.34.origin.x.235
temp.79.origin.x.257 = temp.34.origin.x.235
temp.258 = temp.34.origin.y.236
temp.79.origin.y.259 = temp.34.origin.y.236
temp.260 = temp.34.size.x.237
temp.79.size.x.261 = temp.34.size.x.237
temp.262 = temp.34.size.y.238
temp.79.size.y.263 = temp.34.size.y.238
temp.264 = temp.34.origin.x.235
temp.78.x.265 = temp.34.origin.x.235
temp.266 = temp.34.origin.y.236
temp.78.y.267 = temp.34.origin.y.236
temp.268 = temp.34.origin.x.235
temp.269 = temp.255 + temp.34.origin.x.235
storeprop temp.269, 0
return 

=======================
fn rect_area(r.origin.x.95, r.origin.y.96, r.size.x.98, r.size.y.99) -> int

---- block 0 ----
temp.270 = r.origin.x.95
temp.104.origin.x.271 = r.origin.x.95
temp.272 = r.origin.y.96
temp.104.origin.y.273 = r.origin.y.96
temp.274 = r.size.x.98
temp.104.size.x.275 = r.size.x.98
temp.276 = r.size.y.99
temp.104.size.y.277 = r.size.y.99
temp.278 = r.size.x.98
temp.103.x.279 = r.size.x.98
temp.280 = r.size.y.99
temp.103.y.281 = r.size.y.99
temp.282 = r.size.x.98
temp.283 = r.origin.x.95
temp.120.origin.x.284 = r.origin.x.95
temp.285 = r.origin.y.96
temp.120.origin.y.286 = r.origin.y.96
temp.287 = r.size.x.98
temp.120.size.x.288 = r.size.x.98
temp.289 = r.size.y.99
temp.120.size.y.290 = r.size.y.99
temp.291 = r.size.x.98
temp.119.x.292 = r.size.x.98
temp.293 = r.size.y.99
temp.119.y.294 = r.size.y.99
temp.295 = r.size.y.99
temp.296 = r.size.x.98 * r.size.y.99
return temp.296

=======================
fn move_rect(r.origin.x.136, r.origin.y.137, r.size.x.139, r.size.y.140, dx.5, dy.6) -> int, int, int, int

---- block 0 ----
temp.297 = r.origin.x.136
temp.147.origin.x.298 = r.origin.x.136
temp.299 = r.origin.y.137
temp.147.origin.y.300 = r.origin.y.137
temp.301 = r.size.x.139
temp.147.size.x.302 = r.size.x.139
temp.303 = r.size.y.140
temp.147.size.y.304 = r.size.y.140
temp.305 = r.origin.x.136
temp.146.x.306 = r.origin.x.136
temp.307 = r.origin.y.137
temp.146.y.308 = r.origin.y.137
temp.309 = r.origin.x.136
temp.310 = dx.5
temp.311 = r.origin.x.136 + dx.5
temp.312 = r.origin.x.136
temp.166.origin.x.313 = r.origin.x.136
temp.314 = r.origin.y.137
temp.166.origin.y.315 = r.origin.y.137
temp.316 = r.size.x.139
temp.166.size.x.317 = r.size.x.139
temp.318 = r.size.y.140
temp.166.size.y.319 = r.size.y.140
temp.320 = r.origin.x.136
temp.165.x.321 = r.origin.x.136
temp.322 = r.origin.y.137
temp.165.y.323 = r.origin.y.137
temp.324 = r.origin.y.137
temp.325 = dy.6
temp.326 = r.origin.y.137 + dy.6
temp.142.x.327 = temp.311
temp.142.y.328 = temp.326
temp.329 = r.origin.x.136
temp.184.origin.x.330 = r.origin.x.136
temp.331 = r.origin.y.137
temp.184.origin.y.332 = r.origin.y.137
temp.333 = r.size.x.139
temp.184.size.x.334 = r.size.x.139
temp.335 = r.size.y.140
temp.184.size.y.336 = r.size.y.140
temp.337 = r.size.x.139
temp.183.x.338 = r.size.x.139
temp.339 = r.size.y.140
temp.183.y.340 = r.size.y.140
temp.141.origin.x.341 = temp.311
temp.141.origin.y.342 = temp.326
temp.141.size.x.343 = r.size.x.139
temp.141.size.y.344 = r.size.y.140
return temp.311, temp.326, r.size.x.139, r.size.y.140


----------- dead_store_elimination -------------
=======================
fn @toplevel() -> 

---- block 0 ----
temp.205 = int 0
temp.206 = int 0
temp.209 = int 10
temp.210 = int 20
temp.233 = int 5
temp.234 = int 5
temp.34.origin.x.235, temp.34.origin.y.236, temp.34.size.x.237, temp.34.size.y.238 = move_rect(temp.205, temp.206, temp.209, temp.210, temp.233, temp.234)
temp.255 = rect_area(temp.34.origin.x.235, temp.34.origin.y.236, temp.34.size.x.237, temp.34.size.y.238)
temp.269 = temp.255 + temp.34.origin.x.235
storeprop temp.269, 0
return 

=======================
fn rect_area(r.origin.x.95, r.origin.y.96, r.size.x.98, r.size.y.99) -> int

---- block 0 ----
temp.296 = r.size.x.98 * r.size.y.99
return temp.296

=======================
fn move_rect(r.origin.x.136, r.origin.y.137, r.size.x.139, r.size.y.140, dx.5, dy.6) -> int, int, int, int

---- block 0 ----
temp.311 = r.origin.x.136 + dx.5
temp.326 = r.origin.y.137 + dy.6
return temp.311, temp.326, r.size.x.139, r.size.y.140


----------- duplicate_loads -------------
=======================
fn @toplevel() -> 

---- block 0 ----
temp.205 = int 0
temp.206 = temp.205
temp.209 = int 10
temp.210 = int 20
temp.233 = int 5
temp.234 = temp.233
temp.34.origin.x.235, temp.34.origin.y.236, temp.34.size.x.237, temp.34.size.y.238 = move_rect(temp.205, temp.206, temp.209, temp.210, temp.233, temp.234)
temp.255 = rect_area(temp.34.origin.x.235, temp.34.origin.y.236, temp.34.size.x.237, temp.34.size.y.238)
temp.269 = temp.255 + temp.34.origin.x.235
storeprop temp.269, 0
return 

=======================
fn rect_area(r.origin.x.95, r.origin.y.96, r.size.x.98, r.size.y.99) -> int

---- block 0 ----
temp.296 = r.size.x.98 * r.size.y.99
return temp.296

=======================
fn move_rect(r.origin.x.136, r.origin.y.137, r.size.x.139, r.size.y.140, dx.5, dy.6) -> int, int, int, int

---- block 0 ----
temp.311 = r.origin.x.136 + dx.5
temp.326 = r.origin.y.137 + dy.6
return temp.311, temp.326, r.size.x.139, r.size.y.140


----------- inline_small_functions -------------
=======================
fn @toplevel() -> 

---- block 0 ----
temp.205 = int 0
temp.206 = temp.205
temp.209 = int 10
temp.210 = int 20
temp.233 = int 5
temp.234 = temp.233
jmp 6

---- block 6 ----
temp.351 = temp.205 + temp.233
temp.352 = temp.206 + temp.234
jmp 8

---- block 8 ----
temp.347 = φ(temp.351 from 6)
temp.348 = φ(temp.352 from 6)
temp.349 = φ(temp.209 from 6)
temp.350 = φ(temp.210 from 6)
temp.34.origin.x.235 = temp.347
temp.34.origin.y.236 = temp.348
temp.34.size.x.237 = temp.349
temp.34.size.y.238 = temp.350
jmp 5

---- block 5 ----
jmp 2

---- block 2 ----
temp.346 = temp.34.size.x.237 * temp.34.size.y.238
jmp 4

---- block 4 ----
temp.345 = φ(temp.346 from 2)
temp.255 = temp.345
jmp 1

---- block 1 ----
temp.269 = temp.255 + temp.34.origin.x.235
storeprop temp.269, 0
return 

=======================
fn rect_area(r.origin.x.95, r.origin.y.96, r.size.x.98, r.size.y.99) -> int

---- block 0 ----
temp.296 = r.size.x.98 * r.size.y.99
return temp.296

=======================
fn move_rect(r.origin.x.136, r.origin.y.137, r.size.x.139, r.size.y.140, dx.5, dy.6) -> int, int, int, int

---- block 0 ----
temp.311 = r.origin.x.136 + dx.5
temp.326 = r.origin.y.137 + dy.6
return temp.311, temp.326, r.size.x.139, r.size.y.140


----------- remove_unreferenced_functions -------------
=======================
fn @toplevel() -> 

---- block 0 ----
temp.205 = int 0
temp.206 = temp.205
temp.209 = int 10
temp.210 = int 20
temp.233 = int 5
temp.234 = temp.233
jmp 6

---- block 6 ----
temp.351 = temp.205 + temp.233
temp.352 = temp.206 + temp.234
jmp 8

---- block 8 ----
temp.347 = φ(temp.351 from 6)
temp.348 = φ(temp.352 from 6)
temp.349 = φ(temp.209 from 6)
temp.350 = φ(temp.210 from 6)
temp.34.origin.x.235 = temp.347
temp.34.origin.y.236 = temp.348
temp.34.size.x.237 = temp.349
temp.34.size.y.238 = temp.350
jmp 5

---- block 5 ----
jmp 2

---- block 2 ----
temp.346 = temp.34.size.x.237 * temp.34.size.y.238
jmp 4

---- block 4 ----
temp.345 = φ(temp.346 from 2)
temp.255 = temp.345
jmp 1

---- block 1 ----
temp.269 = temp.255 + temp.34.origin.x.235
storeprop temp.269, 0
return 


----------- empty_phi -------------
=======================
fn @toplevel() -> 

---- block 0 ----
temp.205 = int 0
temp.206 = temp.205
temp.209 = int 10
temp.210 = int 20
temp.233 = int 5
temp.234 = temp.233
jmp 6

---- block 6 ----
temp.351 = temp.205 + temp.233
temp.352 = temp.206 + temp.234
jmp 8

---- block 8 ----
temp.34.origin.x.235 = temp.351
temp.34.origin.y.236 = temp.352
temp.34.size.x.237 = temp.209
temp.34.size.y.238 = temp.210
jmp 5

---- block 5 ----
jmp 2

---- block 2 ----
temp.346 = temp.34.size.x.237 * temp.34.size.y.238
jmp 4

---- block 4 ----
temp.255 = temp.346
jmp 1

---- block 1 ----
temp.269 = temp.255 + temp.34.origin.x.235
storeprop temp.269, 0
return 


----------- simplify_blocks -------------
=======================
fn @toplevel() -> 

---- block 0 ----
temp.205 = int 0
temp.206 = temp.205
temp.209 = int 10
temp.210 = int 20
temp.233 = int 5
temp.234 = temp.233
temp.351 = temp.205 + temp.233
temp.352 = temp.206 + temp.234
jmp 6

---- block 6 ----
temp.34.origin.x.235 = temp.351
temp.34.origin.y.236 = temp.352
temp.34.size.x.237 = temp.209
temp.34.size.y.238 = temp.210
jmp 8

---- block 8 ----
jmp 5

---- block 5 ----
temp.346 = temp.34.size.x.237 * temp.34.size.y.238
jmp 2

---- block 2 ----
temp.255 = temp.346
jmp 4

---- block 4 ----
temp.269 = temp.255 + temp.34.origin.x.235
storeprop temp.269, 0
jmp 1

---- block 1 ----
return 


----------- copy_propagation -------------
=======================
fn @toplevel() -> 

---- block 0 ----
temp.205 = int 0
temp.206 = temp.205
temp.209 = int 10
temp.210 = int 20
temp.233 = int 5
temp.234 = temp.233
temp.351 = temp.205 + temp.233
temp.352 = temp.205 + temp.233
jmp 6

---- block 6 ----
temp.34.origin.x.235 = temp.351
temp.34.origin.y.236 = temp.352
temp.34.size.x.237 = temp.209
temp.34.size.y.238 = temp.210
jmp 8

---- block 8 ----
jmp 5

---- block 5 ----
temp.346 = temp.209 * temp.210
jmp 2

---- block 2 ----
temp.255 = temp.346
jmp 4

---- block 4 ----
temp.269 = temp.346 + temp.351
storeprop temp.269, 0
jmp 1

---- block 1 ----
return 


----------- dead_store_elimination -------------
=======================
fn @toplevel() -> 

---- block 0 ----
temp.205 = int 0
temp.209 = int 10
temp.210 = int 20
temp.233 = int 5
temp.351 = temp.205 + temp.233
temp.352 = temp.205 + temp.233
jmp 6

---- block 6 ----
jmp 8

---- block 8 ----
jmp 5

---- block 5 ----
temp.346 = temp.209 * temp.210
jmp 2

---- block 2 ----
jmp 4

---- block 4 ----
temp.269 = temp.346 + temp.351
storeprop temp.269, 0
jmp 1

---- block 1 ----
return 


----------- constant_folding -------------
=======================
fn @toplevel() -> 

---- block 0 ----
temp.205 = int 0
temp.209 = int 10
temp.210 = int 20
temp.233 = int 5
temp.351 = int 5
temp.352 = int 5
jmp 6

---- block 6 ----
jmp 8

---- block 8 ----
jmp 5

---- block 5 ----
temp.346 = int 200
jmp 2

---- block 2 ----
jmp 4

---- block 4 ----
temp.269 = temp.346 + temp.351
storeprop temp.269, 0
jmp 1

---- block 1 ----
return 


----------- immediate_arithmetic -------------
=======================
fn @toplevel() -> 

---- block 0 ----
temp.205 = int 0
temp.209 = int 10
temp.210 = int 20
temp.233 = int 5
temp.351 = int 5
temp.352 = int 5
jmp 6

---- block 6 ----
jmp 8

---- block 8 ----
jmp 5

---- block 5 ----
temp.346 = int 200
jmp 2

---- block 2 ----
jmp 4

---- block 4 ----
temp.269 = temp.346 + imm(5)
storeprop temp.269, 0
jmp 1

---- block 1 ----
return 


----------- duplicate_loads -------------
=======================
fn @toplevel() -> 

---- block 0 ----
temp.205 = int 0
temp.209 = int 10
temp.210 = int 20
temp.233 = int 5
temp.351 = temp.233
temp.352 = temp.233
jmp 6

---- block 6 ----
jmp 8

---- block 8 ----
jmp 5

---- block 5 ----
temp.346 = int 200
jmp 2

---- block 2 ----
jmp 4

---- block 4 ----
temp.269 = temp.346 + imm(5)
storeprop temp.269, 0
jmp 1

---- block 1 ----
return 


----------- empty_block -------------
=======================
fn @toplevel() -> 

---- block 0 ----
temp.205 = int 0
temp.209 = int 10
temp.210 = int 20
temp.233 = int 5
temp.351 = temp.233
temp.352 = temp.233
jmp 8

---- block 8 ----
jmp 5

---- block 5 ----
temp.346 = int 200
jmp 4

---- block 4 ----
temp.269 = temp.346 + imm(5)
storeprop temp.269, 0
return 


----------- simplify_blocks -------------
=======================
fn @toplevel() -> 

---- block 0 ----
temp.205 = int 0
temp.209 = int 10
temp.210 = int 20
temp.233 = int 5
temp.351 = temp.233
temp.352 = temp.233
jmp 8

---- block 8 ----
temp.346 = int 200
jmp 5

---- block 5 ----
temp.269 = temp.346 + imm(5)
storeprop temp.269, 0
jmp 4

---- block 4 ----
return 


----------- dead_store_elimination -------------
=======================
fn @toplevel() -> 

---- block 0 ----
temp.233 = int 5
jmp 8

---- block 8 ----
temp.346 = int 200
jmp 5

---- block 5 ----
temp.269 = temp.346 + imm(5)
storeprop temp.269, 0
jmp 4

---- block 4 ----
return 


----------- constant_folding -------------
=======================
fn @toplevel() -> 

---- block 0 ----
temp.233 = int 5
jmp 8

---- block 8 ----
temp.346 = int 200
jmp 5

---- block 5 ----
temp.269 = int 205
storeprop temp.269, 0
jmp 4

---- block 4 ----
return 


----------- empty_block -------------
=======================
fn @toplevel() -> 

---- block 0 ----
temp.233 = int 5
jmp 8

---- block 8 ----
temp.346 = int 200
jmp 5

---- block 5 ----
temp.269 = int 205
storeprop temp.269, 0
return 


----------- simplify_blocks -------------
=======================
fn @toplevel() -> 

---- block 0 ----
temp.233 = int 5
temp.346 = int 200
jmp 8

---- block 8 ----
temp.269 = int 205
storeprop temp.269, 0
jmp 5

---- block 5 ----
return 


----------- dead_store_elimination -------------
=======================
fn @toplevel() -> 

---- block 0 ----
jmp 8

---- block 8 ----
temp.269 = int 205
storeprop temp.269, 0
jmp 5

---- block 5 ----
return 


----------- empty_block -------------
=======================
fn @toplevel() -> 

---- block 0 ----
jmp 8

---- block 8 ----
temp.269 = int 205
storeprop temp.269, 0
return 


----------- simplify_blocks -------------
=======================
fn @toplevel() -> 

---- block 0 ----
temp.269 = int 205
storeprop temp.269, 0
jmp 8

---- block 8 ----
return 


----------- empty_block -------------
=======================
fn @toplevel() -> 

---- block 0 ----
temp.269 = int 205
storeprop temp.269, 0
return
