---
source: compiler/src/compile/ir/optimisations.rs
expression: output
input_file: compiler/src/compile/ir/snapshot_tests/optimisations/integration/struct_field_assignment.tapir
---
----------- before -------------
=======================
fn @toplevel() -> 

---- block 0 ----
temp.24 = int 1
temp.25 = int 2
temp.2.x.26 = temp.24
temp.2.y.27 = temp.25
p.x.28 = temp.2.x.26
p.y.29 = temp.2.y.27
temp.30 = int 100
p.x.31 = temp.30
temp.32 = int 200
p.y.33 = temp.32
temp.34 = p.x.31
temp.14.x.35 = temp.34
temp.36 = p.y.33
temp.14.y.37 = temp.36
temp.38 = temp.14.x.35
temp.39 = p.x.31
temp.19.x.40 = temp.39
temp.41 = p.y.33
temp.19.y.42 = temp.41
temp.43 = temp.19.y.42
temp.44 = temp.38 + temp.43
storeprop temp.44, 0
return 


----------- copy_propagation -------------
=======================
fn @toplevel() -> 

---- block 0 ----
temp.24 = int 1
temp.25 = int 2
temp.2.x.26 = temp.24
temp.2.y.27 = temp.25
p.x.28 = temp.24
p.y.29 = temp.25
temp.30 = int 100
p.x.31 = temp.30
temp.32 = int 200
p.y.33 = temp.32
temp.34 = temp.30
temp.14.x.35 = temp.30
temp.36 = temp.32
temp.14.y.37 = temp.32
temp.38 = temp.30
temp.39 = temp.30
temp.19.x.40 = temp.30
temp.41 = temp.32
temp.19.y.42 = temp.32
temp.43 = temp.32
temp.44 = temp.30 + temp.32
storeprop temp.44, 0
return 


----------- dead_store_elimination -------------
=======================
fn @toplevel() -> 

---- block 0 ----
temp.24 = int 1
temp.25 = int 2
temp.30 = int 100
temp.32 = int 200
temp.44 = temp.30 + temp.32
storeprop temp.44, 0
return 


----------- constant_folding -------------
=======================
fn @toplevel() -> 

---- block 0 ----
temp.24 = int 1
temp.25 = int 2
temp.30 = int 100
temp.32 = int 200
temp.44 = int 300
storeprop temp.44, 0
return 


----------- dead_store_elimination -------------
=======================
fn @toplevel() -> 

---- block 0 ----
temp.44 = int 300
storeprop temp.44, 0
return
