---
source: compiler/src/compile/ir/optimisations.rs
expression: output
input_file: compiler/src/compile/ir/snapshot_tests/optimisations/dead_store_elimination/struct_unused.tapir
---
----------- before -------------
=======================
fn @toplevel() -> 

---- block 0 ----
return 

=======================
fn test() -> int

---- block 0 ----
temp.25 = int 1
temp.26 = int 2
temp.2.x.27 = temp.25
temp.2.y.28 = temp.26
p.x.29 = temp.2.x.27
p.y.30 = temp.2.y.28
temp.31 = int 3
temp.32 = int 4
temp.9.x.33 = temp.31
temp.9.y.34 = temp.32
q.x.35 = temp.9.x.33
q.y.36 = temp.9.y.34
temp.19.x.37 = p.x.29
temp.19.y.38 = p.y.30
temp.39 = temp.19.x.37
temp.22.x.40 = p.x.29
temp.22.y.41 = p.y.30
temp.42 = temp.22.y.41
temp.43 = temp.39 + temp.42
return temp.43


----------- dead_store_elimination -------------
=======================
fn @toplevel() -> 

---- block 0 ----
return 

=======================
fn test() -> int

---- block 0 ----
temp.25 = int 1
temp.26 = int 2
temp.2.x.27 = temp.25
temp.2.y.28 = temp.26
p.x.29 = temp.2.x.27
p.y.30 = temp.2.y.28
temp.31 = int 3
temp.32 = int 4
temp.9.x.33 = temp.31
temp.9.y.34 = temp.32
temp.19.x.37 = p.x.29
temp.39 = temp.19.x.37
temp.22.y.41 = p.y.30
temp.42 = temp.22.y.41
temp.43 = temp.39 + temp.42
return temp.43


----------- dead_store_elimination -------------
=======================
fn @toplevel() -> 

---- block 0 ----
return 

=======================
fn test() -> int

---- block 0 ----
temp.25 = int 1
temp.26 = int 2
temp.2.x.27 = temp.25
temp.2.y.28 = temp.26
p.x.29 = temp.2.x.27
p.y.30 = temp.2.y.28
temp.31 = int 3
temp.32 = int 4
temp.19.x.37 = p.x.29
temp.39 = temp.19.x.37
temp.22.y.41 = p.y.30
temp.42 = temp.22.y.41
temp.43 = temp.39 + temp.42
return temp.43


----------- dead_store_elimination -------------
=======================
fn @toplevel() -> 

---- block 0 ----
return 

=======================
fn test() -> int

---- block 0 ----
temp.25 = int 1
temp.26 = int 2
temp.2.x.27 = temp.25
temp.2.y.28 = temp.26
p.x.29 = temp.2.x.27
p.y.30 = temp.2.y.28
temp.19.x.37 = p.x.29
temp.39 = temp.19.x.37
temp.22.y.41 = p.y.30
temp.42 = temp.22.y.41
temp.43 = temp.39 + temp.42
return temp.43
