---
source: compiler/src/compile/ir/optimisations.rs
expression: output
input_file: compiler/src/compile/ir/snapshot_tests/optimisations/integration/integer_overflow_warning.tapir
---
----------- before -------------
=======================
fn @toplevel() -> 

---- block 0 ----
temp.6 = int 2147483647
x.7 = temp.6
temp.8 = x.7
temp.9 = int 1
temp.10 = temp.8 + temp.9
storeprop temp.10, 0
return 


----------- copy_propagation -------------
=======================
fn @toplevel() -> 

---- block 0 ----
temp.6 = int 2147483647
x.7 = temp.6
temp.8 = temp.6
temp.9 = int 1
temp.10 = temp.6 + temp.9
storeprop temp.10, 0
return 


----------- dead_store_elimination -------------
=======================
fn @toplevel() -> 

---- block 0 ----
temp.6 = int 2147483647
temp.9 = int 1
temp.10 = temp.6 + temp.9
storeprop temp.10, 0
return 


----------- immediate_arithmetic -------------
=======================
fn @toplevel() -> 

---- block 0 ----
temp.6 = int 2147483647
temp.9 = int 1
temp.10 = temp.6 + imm(1)
storeprop temp.10, 0
return 


----------- dead_store_elimination -------------
=======================
fn @toplevel() -> 

---- block 0 ----
temp.6 = int 2147483647
temp.10 = temp.6 + imm(1)
storeprop temp.10, 0
return 


----------- warnings -------------
[W0002] Warning: Integer overflow detected
   ╭─[ integer_overflow_warning.tapir:5:10 ]
   │
 5 │ result = x + 1;
   │          ──┬─┬  
   │            ╰──── This operation will fail
   │              │  
   │              ╰── This causes overflow
───╯
