---
source: compiler/src/compile/ir/optimisations.rs
expression: output
input_file: compiler/src/compile/ir/snapshot_tests/optimisations/unreferenced_function/mutual_references_but_unused.tapir
---
----------- before -------------
=======================
fn @toplevel() -> 

---- block 0 ----
temp.12 = int 9
storeprop temp.12, 0
return 

=======================
fn bar(x.1) -> int

---- block 0 ----
temp.13 = x.1
temp.14 = int 1
temp.15 = temp.13 - temp.14
temp.16 = baz(temp.15)
return temp.16

=======================
fn baz(x.2) -> int

---- block 0 ----
temp.17 = x.2
temp.18 = int 1
temp.19 = temp.17 - temp.18
temp.20 = bar(temp.19)
return temp.20


----------- remove_unreferenced_functions -------------
=======================
fn @toplevel() -> 

---- block 0 ----
temp.12 = int 9
storeprop temp.12, 0
return
