---
source: compiler/src/compile/ir/optimisations.rs
expression: output
input_file: compiler/src/compile/ir/snapshot_tests/optimisations/dead_store_elimination/struct_partial_use.tapir
---
----------- before -------------
=======================
fn @toplevel() -> 

---- block 0 ----
return 

=======================
fn test() -> int

---- block 0 ----
temp.12 = int 10
temp.13 = int 20
temp.1.x.14 = temp.12
temp.1.y.15 = temp.13
p.x.16 = temp.1.x.14
p.y.17 = temp.1.y.15
temp.9.x.18 = p.x.16
temp.9.y.19 = p.y.17
temp.20 = temp.9.x.18
return temp.20


----------- dead_store_elimination -------------
=======================
fn @toplevel() -> 

---- block 0 ----
return 

=======================
fn test() -> int

---- block 0 ----
temp.12 = int 10
temp.13 = int 20
temp.1.x.14 = temp.12
temp.1.y.15 = temp.13
p.x.16 = temp.1.x.14
p.y.17 = temp.1.y.15
temp.9.x.18 = p.x.16
temp.20 = temp.9.x.18
return temp.20


----------- dead_store_elimination -------------
=======================
fn @toplevel() -> 

---- block 0 ----
return 

=======================
fn test() -> int

---- block 0 ----
temp.12 = int 10
temp.13 = int 20
temp.1.x.14 = temp.12
temp.1.y.15 = temp.13
p.x.16 = temp.1.x.14
temp.9.x.18 = p.x.16
temp.20 = temp.9.x.18
return temp.20


----------- dead_store_elimination -------------
=======================
fn @toplevel() -> 

---- block 0 ----
return 

=======================
fn test() -> int

---- block 0 ----
temp.12 = int 10
temp.13 = int 20
temp.1.x.14 = temp.12
p.x.16 = temp.1.x.14
temp.9.x.18 = p.x.16
temp.20 = temp.9.x.18
return temp.20


----------- dead_store_elimination -------------
=======================
fn @toplevel() -> 

---- block 0 ----
return 

=======================
fn test() -> int

---- block 0 ----
temp.12 = int 10
temp.1.x.14 = temp.12
p.x.16 = temp.1.x.14
temp.9.x.18 = p.x.16
temp.20 = temp.9.x.18
return temp.20
