---
source: compiler/src/compile/ir/optimisations.rs
expression: output
input_file: compiler/src/compile/ir/snapshot_tests/optimisations/dead_global_elimination/unread_removed.tapir
---
----------- before -------------
=======================
fn @toplevel() -> 

---- block 0 ----
temp.1 = int 5
setglobal 0, temp.1
return 


----------- eliminate_dead_globals -------------
=======================
fn @toplevel() -> 

---- block 0 ----
temp.1 = int 5
return
