---
source: compiler/src/compile/ir/optimisations.rs
expression: output
input_file: compiler/src/compile/ir/snapshot_tests/optimisations/copy_propagation/struct_fields.tapir
---
----------- before -------------
=======================
fn @toplevel() -> 

---- block 0 ----
temp.33 = int 1
temp.34 = int 2
temp.6.x.35 = temp.33
temp.6.y.36 = temp.34
temp.37 = temp.6.x.35
temp.5.x.38 = temp.37
temp.39 = temp.6.y.36
temp.5.y.40 = temp.39
temp.41 = temp.5.x.38
p.x.42 = temp.41
temp.43 = temp.5.y.40
p.y.44 = temp.43
temp.45 = p.x.42
temp.20.x.46 = temp.45
temp.47 = p.y.44
temp.20.y.48 = temp.47
temp.49 = temp.20.x.46
a.50 = temp.49
temp.51 = p.x.42
temp.26.x.52 = temp.51
temp.53 = p.y.44
temp.26.y.54 = temp.53
temp.55 = temp.26.y.54
b.56 = temp.55
temp.57 = a.50
c.58 = temp.57
temp.59 = b.56
d.60 = temp.59
return 


----------- copy_propagation -------------
=======================
fn @toplevel() -> 

---- block 0 ----
temp.33 = int 1
temp.34 = int 2
temp.6.x.35 = temp.33
temp.6.y.36 = temp.34
temp.37 = temp.33
temp.5.x.38 = temp.33
temp.39 = temp.34
temp.5.y.40 = temp.34
temp.41 = temp.33
p.x.42 = temp.33
temp.43 = temp.34
p.y.44 = temp.34
temp.45 = temp.33
temp.20.x.46 = temp.33
temp.47 = temp.34
temp.20.y.48 = temp.34
temp.49 = temp.33
a.50 = temp.33
temp.51 = temp.33
temp.26.x.52 = temp.33
temp.53 = temp.34
temp.26.y.54 = temp.34
temp.55 = temp.34
b.56 = temp.34
temp.57 = temp.33
c.58 = temp.33
temp.59 = temp.34
d.60 = temp.34
return
