---
source: compiler/src/compile/ir/optimisations.rs
expression: output
input_file: compiler/src/compile/ir/snapshot_tests/optimisations/inline/struct_function.tapir
---
----------- before -------------
=======================
fn @toplevel() -> 

---- block 0 ----
temp.21 = int 42
temp.22 = int 0
temp.3.x.23 = temp.21
temp.3.y.24 = temp.22
p.x.25 = temp.3.x.23
p.y.26 = temp.3.y.24
temp.11.x.27 = p.x.25
temp.11.y.28 = p.y.26
temp.29 = get_x(temp.11.x.27, temp.11.y.28)
temp.30 = temp.29
storeprop temp.30, 0
return 

=======================
fn get_x(p.x.15, p.y.16) -> int

---- block 0 ----
temp.18.x.31 = p.x.15
temp.18.y.32 = p.y.16
temp.33 = temp.18.x.31
return temp.33


----------- inline_small_functions -------------
=======================
fn @toplevel() -> 

---- block 0 ----
temp.21 = int 42
temp.22 = int 0
temp.3.x.23 = temp.21
temp.3.y.24 = temp.22
p.x.25 = temp.3.x.23
p.y.26 = temp.3.y.24
temp.11.x.27 = p.x.25
temp.11.y.28 = p.y.26
jmp 2

---- block 2 ----
temp.18.x.35 = temp.11.x.27
temp.18.y.37 = temp.11.y.28
temp.36 = temp.18.x.35
jmp 4

---- block 4 ----
temp.34 = φ(temp.36 from 2)
temp.29 = temp.34
jmp 1

---- block 1 ----
temp.30 = temp.29
storeprop temp.30, 0
return 

=======================
fn get_x(p.x.15, p.y.16) -> int

---- block 0 ----
temp.18.x.31 = p.x.15
temp.18.y.32 = p.y.16
temp.33 = temp.18.x.31
return temp.33
