---
source: compiler/src/compile/ir/optimisations.rs
expression: output
input_file: compiler/src/compile/ir/snapshot_tests/optimisations/copy_propagation/struct_to_struct.tapir
---
----------- before -------------
=======================
fn @toplevel() -> 

---- block 0 ----
temp.30 = int 10
temp.31 = int 20
temp.5.x.32 = temp.30
temp.5.y.33 = temp.31
p.x.34 = temp.5.x.32
p.y.35 = temp.5.y.33
temp.12.x.36 = p.x.34
temp.12.y.37 = p.y.35
q.x.38 = temp.12.x.36
q.y.39 = temp.12.y.37
temp.17.x.40 = q.x.38
temp.17.y.41 = q.y.39
r.x.42 = temp.17.x.40
r.y.43 = temp.17.y.41
temp.23.x.44 = r.x.42
temp.23.y.45 = r.y.43
temp.46 = temp.23.x.44
x.47 = temp.46
temp.27.x.48 = r.x.42
temp.27.y.49 = r.y.43
temp.50 = temp.27.y.49
y.51 = temp.50
return 


----------- copy_propagation -------------
=======================
fn @toplevel() -> 

---- block 0 ----
temp.30 = int 10
temp.31 = int 20
temp.5.x.32 = temp.30
temp.5.y.33 = temp.31
p.x.34 = temp.30
p.y.35 = temp.31
temp.12.x.36 = temp.30
temp.12.y.37 = temp.31
q.x.38 = temp.30
q.y.39 = temp.31
temp.17.x.40 = temp.30
temp.17.y.41 = temp.31
r.x.42 = temp.30
r.y.43 = temp.31
temp.23.x.44 = temp.30
temp.23.y.45 = temp.31
temp.46 = temp.30
x.47 = temp.30
temp.27.x.48 = temp.30
temp.27.y.49 = temp.31
temp.50 = temp.31
y.51 = temp.31
return
