---
source: compiler/src/compile/ir/optimisations.rs
expression: output
input_file: compiler/src/compile/ir/snapshot_tests/optimisations/copy_propagation/struct_to_struct.tapir
---
----------- before -------------
=======================
fn @toplevel() -> 

---- block 0 ----
temp.44 = int 10
temp.45 = int 20
temp.5.x.46 = temp.44
temp.5.y.47 = temp.45
temp.48 = temp.5.x.46
p.x.49 = temp.48
temp.50 = temp.5.y.47
p.y.51 = temp.50
temp.52 = p.x.49
temp.14.x.53 = temp.52
temp.54 = p.y.51
temp.14.y.55 = temp.54
temp.56 = temp.14.x.53
q.x.57 = temp.56
temp.58 = temp.14.y.55
q.y.59 = temp.58
temp.60 = q.x.57
temp.23.x.61 = temp.60
temp.62 = q.y.59
temp.23.y.63 = temp.62
temp.64 = temp.23.x.61
r.x.65 = temp.64
temp.66 = temp.23.y.63
r.y.67 = temp.66
temp.68 = r.x.65
temp.33.x.69 = temp.68
temp.70 = r.y.67
temp.33.y.71 = temp.70
temp.72 = temp.33.x.69
x.73 = temp.72
temp.74 = r.x.65
temp.39.x.75 = temp.74
temp.76 = r.y.67
temp.39.y.77 = temp.76
temp.78 = temp.39.y.77
y.79 = temp.78
return 


----------- copy_propagation -------------
=======================
fn @toplevel() -> 

---- block 0 ----
temp.44 = int 10
temp.45 = int 20
temp.5.x.46 = temp.44
temp.5.y.47 = temp.45
temp.48 = temp.44
p.x.49 = temp.44
temp.50 = temp.45
p.y.51 = temp.45
temp.52 = temp.44
temp.14.x.53 = temp.44
temp.54 = temp.45
temp.14.y.55 = temp.45
temp.56 = temp.44
q.x.57 = temp.44
temp.58 = temp.45
q.y.59 = temp.45
temp.60 = temp.44
temp.23.x.61 = temp.44
temp.62 = temp.45
temp.23.y.63 = temp.45
temp.64 = temp.44
r.x.65 = temp.44
temp.66 = temp.45
r.y.67 = temp.45
temp.68 = temp.44
temp.33.x.69 = temp.44
temp.70 = temp.45
temp.33.y.71 = temp.45
temp.72 = temp.44
x.73 = temp.44
temp.74 = temp.44
temp.39.x.75 = temp.44
temp.76 = temp.45
temp.39.y.77 = temp.45
temp.78 = temp.45
y.79 = temp.45
return
