---
source: compiler/src/compile/ir/optimisations.rs
expression: output
input_file: compiler/src/compile/ir/snapshot_tests/optimisations/dead_store_elimination/struct_unused.tapir
---
----------- before -------------
=======================
fn @toplevel() -> 

---- block 0 ----
return 

=======================
fn test() -> int

---- block 0 ----
temp.43 = int 1
temp.44 = int 2
temp.3.x.45 = temp.43
temp.3.y.46 = temp.44
temp.47 = temp.3.x.45
temp.2.x.48 = temp.47
temp.49 = temp.3.y.46
temp.2.y.50 = temp.49
temp.51 = temp.2.x.48
p.x.52 = temp.51
temp.53 = temp.2.y.50
p.y.54 = temp.53
temp.55 = int 3
temp.56 = int 4
temp.17.x.57 = temp.55
temp.17.y.58 = temp.56
temp.59 = temp.17.x.57
temp.16.x.60 = temp.59
temp.61 = temp.17.y.58
temp.16.y.62 = temp.61
temp.63 = temp.16.x.60
q.x.64 = temp.63
temp.65 = temp.16.y.62
q.y.66 = temp.65
temp.67 = p.x.52
temp.33.x.68 = temp.67
temp.69 = p.y.54
temp.33.y.70 = temp.69
temp.71 = temp.33.x.68
temp.72 = p.x.52
temp.38.x.73 = temp.72
temp.74 = p.y.54
temp.38.y.75 = temp.74
temp.76 = temp.38.y.75
temp.77 = temp.71 + temp.76
return temp.77


----------- dead_store_elimination -------------
=======================
fn @toplevel() -> 

---- block 0 ----
return 

=======================
fn test() -> int

---- block 0 ----
temp.43 = int 1
temp.44 = int 2
temp.3.x.45 = temp.43
temp.3.y.46 = temp.44
temp.47 = temp.3.x.45
temp.2.x.48 = temp.47
temp.49 = temp.3.y.46
temp.2.y.50 = temp.49
temp.51 = temp.2.x.48
p.x.52 = temp.51
temp.53 = temp.2.y.50
p.y.54 = temp.53
temp.55 = int 3
temp.56 = int 4
temp.17.x.57 = temp.55
temp.17.y.58 = temp.56
temp.59 = temp.17.x.57
temp.16.x.60 = temp.59
temp.61 = temp.17.y.58
temp.16.y.62 = temp.61
temp.63 = temp.16.x.60
temp.65 = temp.16.y.62
temp.67 = p.x.52
temp.33.x.68 = temp.67
temp.69 = p.y.54
temp.71 = temp.33.x.68
temp.72 = p.x.52
temp.74 = p.y.54
temp.38.y.75 = temp.74
temp.76 = temp.38.y.75
temp.77 = temp.71 + temp.76
return temp.77


----------- dead_store_elimination -------------
=======================
fn @toplevel() -> 

---- block 0 ----
return 

=======================
fn test() -> int

---- block 0 ----
temp.43 = int 1
temp.44 = int 2
temp.3.x.45 = temp.43
temp.3.y.46 = temp.44
temp.47 = temp.3.x.45
temp.2.x.48 = temp.47
temp.49 = temp.3.y.46
temp.2.y.50 = temp.49
temp.51 = temp.2.x.48
p.x.52 = temp.51
temp.53 = temp.2.y.50
p.y.54 = temp.53
temp.55 = int 3
temp.56 = int 4
temp.17.x.57 = temp.55
temp.17.y.58 = temp.56
temp.59 = temp.17.x.57
temp.16.x.60 = temp.59
temp.61 = temp.17.y.58
temp.16.y.62 = temp.61
temp.67 = p.x.52
temp.33.x.68 = temp.67
temp.71 = temp.33.x.68
temp.74 = p.y.54
temp.38.y.75 = temp.74
temp.76 = temp.38.y.75
temp.77 = temp.71 + temp.76
return temp.77


----------- dead_store_elimination -------------
=======================
fn @toplevel() -> 

---- block 0 ----
return 

=======================
fn test() -> int

---- block 0 ----
temp.43 = int 1
temp.44 = int 2
temp.3.x.45 = temp.43
temp.3.y.46 = temp.44
temp.47 = temp.3.x.45
temp.2.x.48 = temp.47
temp.49 = temp.3.y.46
temp.2.y.50 = temp.49
temp.51 = temp.2.x.48
p.x.52 = temp.51
temp.53 = temp.2.y.50
p.y.54 = temp.53
temp.55 = int 3
temp.56 = int 4
temp.17.x.57 = temp.55
temp.17.y.58 = temp.56
temp.59 = temp.17.x.57
temp.61 = temp.17.y.58
temp.67 = p.x.52
temp.33.x.68 = temp.67
temp.71 = temp.33.x.68
temp.74 = p.y.54
temp.38.y.75 = temp.74
temp.76 = temp.38.y.75
temp.77 = temp.71 + temp.76
return temp.77


----------- dead_store_elimination -------------
=======================
fn @toplevel() -> 

---- block 0 ----
return 

=======================
fn test() -> int

---- block 0 ----
temp.43 = int 1
temp.44 = int 2
temp.3.x.45 = temp.43
temp.3.y.46 = temp.44
temp.47 = temp.3.x.45
temp.2.x.48 = temp.47
temp.49 = temp.3.y.46
temp.2.y.50 = temp.49
temp.51 = temp.2.x.48
p.x.52 = temp.51
temp.53 = temp.2.y.50
p.y.54 = temp.53
temp.55 = int 3
temp.56 = int 4
temp.17.x.57 = temp.55
temp.17.y.58 = temp.56
temp.67 = p.x.52
temp.33.x.68 = temp.67
temp.71 = temp.33.x.68
temp.74 = p.y.54
temp.38.y.75 = temp.74
temp.76 = temp.38.y.75
temp.77 = temp.71 + temp.76
return temp.77


----------- dead_store_elimination -------------
=======================
fn @toplevel() -> 

---- block 0 ----
return 

=======================
fn test() -> int

---- block 0 ----
temp.43 = int 1
temp.44 = int 2
temp.3.x.45 = temp.43
temp.3.y.46 = temp.44
temp.47 = temp.3.x.45
temp.2.x.48 = temp.47
temp.49 = temp.3.y.46
temp.2.y.50 = temp.49
temp.51 = temp.2.x.48
p.x.52 = temp.51
temp.53 = temp.2.y.50
p.y.54 = temp.53
temp.55 = int 3
temp.56 = int 4
temp.67 = p.x.52
temp.33.x.68 = temp.67
temp.71 = temp.33.x.68
temp.74 = p.y.54
temp.38.y.75 = temp.74
temp.76 = temp.38.y.75
temp.77 = temp.71 + temp.76
return temp.77


----------- dead_store_elimination -------------
=======================
fn @toplevel() -> 

---- block 0 ----
return 

=======================
fn test() -> int

---- block 0 ----
temp.43 = int 1
temp.44 = int 2
temp.3.x.45 = temp.43
temp.3.y.46 = temp.44
temp.47 = temp.3.x.45
temp.2.x.48 = temp.47
temp.49 = temp.3.y.46
temp.2.y.50 = temp.49
temp.51 = temp.2.x.48
p.x.52 = temp.51
temp.53 = temp.2.y.50
p.y.54 = temp.53
temp.67 = p.x.52
temp.33.x.68 = temp.67
temp.71 = temp.33.x.68
temp.74 = p.y.54
temp.38.y.75 = temp.74
temp.76 = temp.38.y.75
temp.77 = temp.71 + temp.76
return temp.77
