---
source: compiler/src/compile/ir/optimisations.rs
expression: output
input_file: compiler/src/compile/ir/snapshot_tests/optimisations/constant_folding/multiply_by_one.tapir
---
----------- before -------------
=======================
fn @toplevel() -> 

---- block 0 ----
getprop temp.6, 0
getprop temp.7, 0
temp.8 = int 1
temp.9 = temp.7 * temp.8
temp.10 = temp.6 + temp.9
storeprop temp.10, 0
return 


----------- constant_folding -------------
=======================
fn @toplevel() -> 

---- block 0 ----
getprop temp.6, 0
getprop temp.7, 0
temp.8 = int 1
temp.9 = temp.7
temp.10 = temp.6 + temp.9
storeprop temp.10, 0
return 


----------- copy_propagation -------------
=======================
fn @toplevel() -> 

---- block 0 ----
getprop temp.6, 0
getprop temp.7, 0
temp.8 = int 1
temp.9 = temp.7
temp.10 = temp.6 + temp.7
storeprop temp.10, 0
return 


----------- dead_store_elimination -------------
=======================
fn @toplevel() -> 

---- block 0 ----
getprop temp.6, 0
getprop temp.7, 0
temp.10 = temp.6 + temp.7
storeprop temp.10, 0
return
