---
source: compiler/src/compile/ir/optimisations.rs
expression: output
input_file: compiler/src/compile/ir/snapshot_tests/optimisations/integration/struct_nested.tapir
---
----------- before -------------
=======================
fn @toplevel() -> 

---- block 0 ----
temp.231 = int 0
temp.232 = int 0
temp.15.x.233 = temp.231
temp.15.y.234 = temp.232
temp.235 = temp.15.x.233
temp.14.x.236 = temp.235
temp.237 = temp.15.y.234
temp.14.y.238 = temp.237
temp.239 = int 10
temp.240 = int 20
temp.25.x.241 = temp.239
temp.25.y.242 = temp.240
temp.243 = temp.25.x.241
temp.24.x.244 = temp.243
temp.245 = temp.25.y.242
temp.24.y.246 = temp.245
temp.7.origin.x.247 = temp.14.x.236
temp.7.origin.y.248 = temp.14.y.238
temp.7.size.x.249 = temp.24.x.244
temp.7.size.y.250 = temp.24.y.246
temp.251 = temp.7.origin.x.247
r.origin.x.252 = temp.251
temp.253 = temp.7.origin.y.248
r.origin.y.254 = temp.253
temp.255 = temp.7.size.x.249
r.size.x.256 = temp.255
temp.257 = temp.7.size.y.250
r.size.y.258 = temp.257
temp.259 = r.origin.x.252
temp.45.origin.x.260 = temp.259
temp.261 = r.origin.y.254
temp.45.origin.y.262 = temp.261
temp.263 = r.size.x.256
temp.45.size.x.264 = temp.263
temp.265 = r.size.y.258
temp.45.size.y.266 = temp.265
temp.267 = int 5
temp.268 = int 5
temp.44.origin.x.269, temp.44.origin.y.270, temp.44.size.x.271, temp.44.size.y.272 = move_rect(temp.45.origin.x.260, temp.45.origin.y.262, temp.45.size.x.264, temp.45.size.y.266, temp.267, temp.268)
temp.273 = temp.44.origin.x.269
moved.origin.x.274 = temp.273
temp.275 = temp.44.origin.y.270
moved.origin.y.276 = temp.275
temp.277 = temp.44.size.x.271
moved.size.x.278 = temp.277
temp.279 = temp.44.size.y.272
moved.size.y.280 = temp.279
temp.281 = moved.origin.x.274
temp.77.origin.x.282 = temp.281
temp.283 = moved.origin.y.276
temp.77.origin.y.284 = temp.283
temp.285 = moved.size.x.278
temp.77.size.x.286 = temp.285
temp.287 = moved.size.y.280
temp.77.size.y.288 = temp.287
temp.289 = rect_area(temp.77.origin.x.282, temp.77.origin.y.284, temp.77.size.x.286, temp.77.size.y.288)
temp.290 = moved.origin.x.274
temp.89.origin.x.291 = temp.290
temp.292 = moved.origin.y.276
temp.89.origin.y.293 = temp.292
temp.294 = moved.size.x.278
temp.89.size.x.295 = temp.294
temp.296 = moved.size.y.280
temp.89.size.y.297 = temp.296
temp.298 = temp.89.origin.x.291
temp.88.x.299 = temp.298
temp.300 = temp.89.origin.y.293
temp.88.y.301 = temp.300
temp.302 = temp.88.x.299
temp.303 = temp.289 + temp.302
storeprop temp.303, 0
return 

=======================
fn rect_area(r.origin.x.105, r.origin.y.106, r.size.x.108, r.size.y.109) -> int

---- block 0 ----
temp.304 = r.origin.x.105
temp.114.origin.x.305 = temp.304
temp.306 = r.origin.y.106
temp.114.origin.y.307 = temp.306
temp.308 = r.size.x.108
temp.114.size.x.309 = temp.308
temp.310 = r.size.y.109
temp.114.size.y.311 = temp.310
temp.312 = temp.114.size.x.309
temp.113.x.313 = temp.312
temp.314 = temp.114.size.y.311
temp.113.y.315 = temp.314
temp.316 = temp.113.x.313
temp.317 = r.origin.x.105
temp.130.origin.x.318 = temp.317
temp.319 = r.origin.y.106
temp.130.origin.y.320 = temp.319
temp.321 = r.size.x.108
temp.130.size.x.322 = temp.321
temp.323 = r.size.y.109
temp.130.size.y.324 = temp.323
temp.325 = temp.130.size.x.322
temp.129.x.326 = temp.325
temp.327 = temp.130.size.y.324
temp.129.y.328 = temp.327
temp.329 = temp.129.y.328
temp.330 = temp.316 * temp.329
return temp.330

=======================
fn move_rect(r.origin.x.146, r.origin.y.147, r.size.x.149, r.size.y.150, dx.5, dy.6) -> int, int, int, int

---- block 0 ----
temp.331 = r.origin.x.146
temp.167.origin.x.332 = temp.331
temp.333 = r.origin.y.147
temp.167.origin.y.334 = temp.333
temp.335 = r.size.x.149
temp.167.size.x.336 = temp.335
temp.337 = r.size.y.150
temp.167.size.y.338 = temp.337
temp.339 = temp.167.origin.x.332
temp.166.x.340 = temp.339
temp.341 = temp.167.origin.y.334
temp.166.y.342 = temp.341
temp.343 = temp.166.x.340
temp.344 = dx.5
temp.345 = temp.343 + temp.344
temp.346 = r.origin.x.146
temp.186.origin.x.347 = temp.346
temp.348 = r.origin.y.147
temp.186.origin.y.349 = temp.348
temp.350 = r.size.x.149
temp.186.size.x.351 = temp.350
temp.352 = r.size.y.150
temp.186.size.y.353 = temp.352
temp.354 = temp.186.origin.x.347
temp.185.x.355 = temp.354
temp.356 = temp.186.origin.y.349
temp.185.y.357 = temp.356
temp.358 = temp.185.y.357
temp.359 = dy.6
temp.360 = temp.358 + temp.359
temp.160.x.361 = temp.345
temp.160.y.362 = temp.360
temp.363 = temp.160.x.361
temp.159.x.364 = temp.363
temp.365 = temp.160.y.362
temp.159.y.366 = temp.365
temp.367 = r.origin.x.146
temp.206.origin.x.368 = temp.367
temp.369 = r.origin.y.147
temp.206.origin.y.370 = temp.369
temp.371 = r.size.x.149
temp.206.size.x.372 = temp.371
temp.373 = r.size.y.150
temp.206.size.y.374 = temp.373
temp.375 = temp.206.size.x.372
temp.205.x.376 = temp.375
temp.377 = temp.206.size.y.374
temp.205.y.378 = temp.377
temp.152.origin.x.379 = temp.159.x.364
temp.152.origin.y.380 = temp.159.y.366
temp.152.size.x.381 = temp.205.x.376
temp.152.size.y.382 = temp.205.y.378
temp.383 = temp.152.origin.x.379
temp.151.origin.x.384 = temp.383
temp.385 = temp.152.origin.y.380
temp.151.origin.y.386 = temp.385
temp.387 = temp.152.size.x.381
temp.151.size.x.388 = temp.387
temp.389 = temp.152.size.y.382
temp.151.size.y.390 = temp.389
return temp.151.origin.x.384, temp.151.origin.y.386, temp.151.size.x.388, temp.151.size.y.390


----------- copy_propagation -------------
=======================
fn @toplevel() -> 

---- block 0 ----
temp.231 = int 0
temp.232 = int 0
temp.15.x.233 = temp.231
temp.15.y.234 = temp.232
temp.235 = temp.231
temp.14.x.236 = temp.231
temp.237 = temp.232
temp.14.y.238 = temp.232
temp.239 = int 10
temp.240 = int 20
temp.25.x.241 = temp.239
temp.25.y.242 = temp.240
temp.243 = temp.239
temp.24.x.244 = temp.239
temp.245 = temp.240
temp.24.y.246 = temp.240
temp.7.origin.x.247 = temp.231
temp.7.origin.y.248 = temp.232
temp.7.size.x.249 = temp.239
temp.7.size.y.250 = temp.240
temp.251 = temp.231
r.origin.x.252 = temp.231
temp.253 = temp.232
r.origin.y.254 = temp.232
temp.255 = temp.239
r.size.x.256 = temp.239
temp.257 = temp.240
r.size.y.258 = temp.240
temp.259 = temp.231
temp.45.origin.x.260 = temp.231
temp.261 = temp.232
temp.45.origin.y.262 = temp.232
temp.263 = temp.239
temp.45.size.x.264 = temp.239
temp.265 = temp.240
temp.45.size.y.266 = temp.240
temp.267 = int 5
temp.268 = int 5
temp.44.origin.x.269, temp.44.origin.y.270, temp.44.size.x.271, temp.44.size.y.272 = move_rect(temp.231, temp.232, temp.239, temp.240, temp.267, temp.268)
temp.273 = temp.44.origin.x.269
moved.origin.x.274 = temp.44.origin.x.269
temp.275 = temp.44.origin.y.270
moved.origin.y.276 = temp.44.origin.y.270
temp.277 = temp.44.size.x.271
moved.size.x.278 = temp.44.size.x.271
temp.279 = temp.44.size.y.272
moved.size.y.280 = temp.44.size.y.272
temp.281 = temp.44.origin.x.269
temp.77.origin.x.282 = temp.44.origin.x.269
temp.283 = temp.44.origin.y.270
temp.77.origin.y.284 = temp.44.origin.y.270
temp.285 = temp.44.size.x.271
temp.77.size.x.286 = temp.44.size.x.271
temp.287 = temp.44.size.y.272
temp.77.size.y.288 = temp.44.size.y.272
temp.289 = rect_area(temp.44.origin.x.269, temp.44.origin.y.270, temp.44.size.x.271, temp.44.size.y.272)
temp.290 = temp.44.origin.x.269
temp.89.origin.x.291 = temp.44.origin.x.269
temp.292 = temp.44.origin.y.270
temp.89.origin.y.293 = temp.44.origin.y.270
temp.294 = temp.44.size.x.271
temp.89.size.x.295 = temp.44.size.x.271
temp.296 = temp.44.size.y.272
temp.89.size.y.297 = temp.44.size.y.272
temp.298 = temp.44.origin.x.269
temp.88.x.299 = temp.44.origin.x.269
temp.300 = temp.44.origin.y.270
temp.88.y.301 = temp.44.origin.y.270
temp.302 = temp.44.origin.x.269
temp.303 = temp.289 + temp.44.origin.x.269
storeprop temp.303, 0
return 

=======================
fn rect_area(r.origin.x.105, r.origin.y.106, r.size.x.108, r.size.y.109) -> int

---- block 0 ----
temp.304 = r.origin.x.105
temp.114.origin.x.305 = r.origin.x.105
temp.306 = r.origin.y.106
temp.114.origin.y.307 = r.origin.y.106
temp.308 = r.size.x.108
temp.114.size.x.309 = r.size.x.108
temp.310 = r.size.y.109
temp.114.size.y.311 = r.size.y.109
temp.312 = r.size.x.108
temp.113.x.313 = r.size.x.108
temp.314 = r.size.y.109
temp.113.y.315 = r.size.y.109
temp.316 = r.size.x.108
temp.317 = r.origin.x.105
temp.130.origin.x.318 = r.origin.x.105
temp.319 = r.origin.y.106
temp.130.origin.y.320 = r.origin.y.106
temp.321 = r.size.x.108
temp.130.size.x.322 = r.size.x.108
temp.323 = r.size.y.109
temp.130.size.y.324 = r.size.y.109
temp.325 = r.size.x.108
temp.129.x.326 = r.size.x.108
temp.327 = r.size.y.109
temp.129.y.328 = r.size.y.109
temp.329 = r.size.y.109
temp.330 = r.size.x.108 * r.size.y.109
return temp.330

=======================
fn move_rect(r.origin.x.146, r.origin.y.147, r.size.x.149, r.size.y.150, dx.5, dy.6) -> int, int, int, int

---- block 0 ----
temp.331 = r.origin.x.146
temp.167.origin.x.332 = r.origin.x.146
temp.333 = r.origin.y.147
temp.167.origin.y.334 = r.origin.y.147
temp.335 = r.size.x.149
temp.167.size.x.336 = r.size.x.149
temp.337 = r.size.y.150
temp.167.size.y.338 = r.size.y.150
temp.339 = r.origin.x.146
temp.166.x.340 = r.origin.x.146
temp.341 = r.origin.y.147
temp.166.y.342 = r.origin.y.147
temp.343 = r.origin.x.146
temp.344 = dx.5
temp.345 = r.origin.x.146 + dx.5
temp.346 = r.origin.x.146
temp.186.origin.x.347 = r.origin.x.146
temp.348 = r.origin.y.147
temp.186.origin.y.349 = r.origin.y.147
temp.350 = r.size.x.149
temp.186.size.x.351 = r.size.x.149
temp.352 = r.size.y.150
temp.186.size.y.353 = r.size.y.150
temp.354 = r.origin.x.146
temp.185.x.355 = r.origin.x.146
temp.356 = r.origin.y.147
temp.185.y.357 = r.origin.y.147
temp.358 = r.origin.y.147
temp.359 = dy.6
temp.360 = r.origin.y.147 + dy.6
temp.160.x.361 = temp.345
temp.160.y.362 = temp.360
temp.363 = temp.345
temp.159.x.364 = temp.345
temp.365 = temp.360
temp.159.y.366 = temp.360
temp.367 = r.origin.x.146
temp.206.origin.x.368 = r.origin.x.146
temp.369 = r.origin.y.147
temp.206.origin.y.370 = r.origin.y.147
temp.371 = r.size.x.149
temp.206.size.x.372 = r.size.x.149
temp.373 = r.size.y.150
temp.206.size.y.374 = r.size.y.150
temp.375 = r.size.x.149
temp.205.x.376 = r.size.x.149
temp.377 = r.size.y.150
temp.205.y.378 = r.size.y.150
temp.152.origin.x.379 = temp.345
temp.152.origin.y.380 = temp.360
temp.152.size.x.381 = r.size.x.149
temp.152.size.y.382 = r.size.y.150
temp.383 = temp.345
temp.151.origin.x.384 = temp.345
temp.385 = temp.360
temp.151.origin.y.386 = temp.360
temp.387 = r.size.x.149
temp.151.size.x.388 = r.size.x.149
temp.389 = r.size.y.150
temp.151.size.y.390 = r.size.y.150
return temp.345, temp.360, r.size.x.149, r.size.y.150


----------- dead_store_elimination -------------
=======================
fn @toplevel() -> 

---- block 0 ----
temp.231 = int 0
temp.232 = int 0
temp.239 = int 10
temp.240 = int 20
temp.267 = int 5
temp.268 = int 5
temp.44.origin.x.269, temp.44.origin.y.270, temp.44.size.x.271, temp.44.size.y.272 = move_rect(temp.231, temp.232, temp.239, temp.240, temp.267, temp.268)
temp.289 = rect_area(temp.44.origin.x.269, temp.44.origin.y.270, temp.44.size.x.271, temp.44.size.y.272)
temp.303 = temp.289 + temp.44.origin.x.269
storeprop temp.303, 0
return 

=======================
fn rect_area(r.origin.x.105, r.origin.y.106, r.size.x.108, r.size.y.109) -> int

---- block 0 ----
temp.330 = r.size.x.108 * r.size.y.109
return temp.330

=======================
fn move_rect(r.origin.x.146, r.origin.y.147, r.size.x.149, r.size.y.150, dx.5, dy.6) -> int, int, int, int

---- block 0 ----
temp.345 = r.origin.x.146 + dx.5
temp.360 = r.origin.y.147 + dy.6
return temp.345, temp.360, r.size.x.149, r.size.y.150


----------- duplicate_loads -------------
=======================
fn @toplevel() -> 

---- block 0 ----
temp.231 = int 0
temp.232 = temp.231
temp.239 = int 10
temp.240 = int 20
temp.267 = int 5
temp.268 = temp.267
temp.44.origin.x.269, temp.44.origin.y.270, temp.44.size.x.271, temp.44.size.y.272 = move_rect(temp.231, temp.232, temp.239, temp.240, temp.267, temp.268)
temp.289 = rect_area(temp.44.origin.x.269, temp.44.origin.y.270, temp.44.size.x.271, temp.44.size.y.272)
temp.303 = temp.289 + temp.44.origin.x.269
storeprop temp.303, 0
return 

=======================
fn rect_area(r.origin.x.105, r.origin.y.106, r.size.x.108, r.size.y.109) -> int

---- block 0 ----
temp.330 = r.size.x.108 * r.size.y.109
return temp.330

=======================
fn move_rect(r.origin.x.146, r.origin.y.147, r.size.x.149, r.size.y.150, dx.5, dy.6) -> int, int, int, int

---- block 0 ----
temp.345 = r.origin.x.146 + dx.5
temp.360 = r.origin.y.147 + dy.6
return temp.345, temp.360, r.size.x.149, r.size.y.150


----------- inline_small_functions -------------
=======================
fn @toplevel() -> 

---- block 0 ----
temp.231 = int 0
temp.232 = temp.231
temp.239 = int 10
temp.240 = int 20
temp.267 = int 5
temp.268 = temp.267
jmp 6

---- block 6 ----
temp.397 = temp.231 + temp.267
temp.398 = temp.232 + temp.268
jmp 8

---- block 8 ----
temp.393 = φ(temp.397 from 6)
temp.394 = φ(temp.398 from 6)
temp.395 = φ(temp.239 from 6)
temp.396 = φ(temp.240 from 6)
temp.44.origin.x.269 = temp.393
temp.44.origin.y.270 = temp.394
temp.44.size.x.271 = temp.395
temp.44.size.y.272 = temp.396
jmp 5

---- block 5 ----
jmp 2

---- block 2 ----
temp.392 = temp.44.size.x.271 * temp.44.size.y.272
jmp 4

---- block 4 ----
temp.391 = φ(temp.392 from 2)
temp.289 = temp.391
jmp 1

---- block 1 ----
temp.303 = temp.289 + temp.44.origin.x.269
storeprop temp.303, 0
return 

=======================
fn rect_area(r.origin.x.105, r.origin.y.106, r.size.x.108, r.size.y.109) -> int

---- block 0 ----
temp.330 = r.size.x.108 * r.size.y.109
return temp.330

=======================
fn move_rect(r.origin.x.146, r.origin.y.147, r.size.x.149, r.size.y.150, dx.5, dy.6) -> int, int, int, int

---- block 0 ----
temp.345 = r.origin.x.146 + dx.5
temp.360 = r.origin.y.147 + dy.6
return temp.345, temp.360, r.size.x.149, r.size.y.150


----------- remove_unreferenced_functions -------------
=======================
fn @toplevel() -> 

---- block 0 ----
temp.231 = int 0
temp.232 = temp.231
temp.239 = int 10
temp.240 = int 20
temp.267 = int 5
temp.268 = temp.267
jmp 6

---- block 6 ----
temp.397 = temp.231 + temp.267
temp.398 = temp.232 + temp.268
jmp 8

---- block 8 ----
temp.393 = φ(temp.397 from 6)
temp.394 = φ(temp.398 from 6)
temp.395 = φ(temp.239 from 6)
temp.396 = φ(temp.240 from 6)
temp.44.origin.x.269 = temp.393
temp.44.origin.y.270 = temp.394
temp.44.size.x.271 = temp.395
temp.44.size.y.272 = temp.396
jmp 5

---- block 5 ----
jmp 2

---- block 2 ----
temp.392 = temp.44.size.x.271 * temp.44.size.y.272
jmp 4

---- block 4 ----
temp.391 = φ(temp.392 from 2)
temp.289 = temp.391
jmp 1

---- block 1 ----
temp.303 = temp.289 + temp.44.origin.x.269
storeprop temp.303, 0
return 


----------- empty_phi -------------
=======================
fn @toplevel() -> 

---- block 0 ----
temp.231 = int 0
temp.232 = temp.231
temp.239 = int 10
temp.240 = int 20
temp.267 = int 5
temp.268 = temp.267
jmp 6

---- block 6 ----
temp.397 = temp.231 + temp.267
temp.398 = temp.232 + temp.268
jmp 8

---- block 8 ----
temp.44.origin.x.269 = temp.397
temp.44.origin.y.270 = temp.398
temp.44.size.x.271 = temp.239
temp.44.size.y.272 = temp.240
jmp 5

---- block 5 ----
jmp 2

---- block 2 ----
temp.392 = temp.44.size.x.271 * temp.44.size.y.272
jmp 4

---- block 4 ----
temp.289 = temp.392
jmp 1

---- block 1 ----
temp.303 = temp.289 + temp.44.origin.x.269
storeprop temp.303, 0
return 


----------- simplify_blocks -------------
=======================
fn @toplevel() -> 

---- block 0 ----
temp.231 = int 0
temp.232 = temp.231
temp.239 = int 10
temp.240 = int 20
temp.267 = int 5
temp.268 = temp.267
temp.397 = temp.231 + temp.267
temp.398 = temp.232 + temp.268
jmp 6

---- block 6 ----
temp.44.origin.x.269 = temp.397
temp.44.origin.y.270 = temp.398
temp.44.size.x.271 = temp.239
temp.44.size.y.272 = temp.240
jmp 8

---- block 8 ----
jmp 5

---- block 5 ----
temp.392 = temp.44.size.x.271 * temp.44.size.y.272
jmp 2

---- block 2 ----
temp.289 = temp.392
jmp 4

---- block 4 ----
temp.303 = temp.289 + temp.44.origin.x.269
storeprop temp.303, 0
jmp 1

---- block 1 ----
return 


----------- copy_propagation -------------
=======================
fn @toplevel() -> 

---- block 0 ----
temp.231 = int 0
temp.232 = temp.231
temp.239 = int 10
temp.240 = int 20
temp.267 = int 5
temp.268 = temp.267
temp.397 = temp.231 + temp.267
temp.398 = temp.231 + temp.267
jmp 6

---- block 6 ----
temp.44.origin.x.269 = temp.397
temp.44.origin.y.270 = temp.398
temp.44.size.x.271 = temp.239
temp.44.size.y.272 = temp.240
jmp 8

---- block 8 ----
jmp 5

---- block 5 ----
temp.392 = temp.239 * temp.240
jmp 2

---- block 2 ----
temp.289 = temp.392
jmp 4

---- block 4 ----
temp.303 = temp.392 + temp.397
storeprop temp.303, 0
jmp 1

---- block 1 ----
return 


----------- dead_store_elimination -------------
=======================
fn @toplevel() -> 

---- block 0 ----
temp.231 = int 0
temp.239 = int 10
temp.240 = int 20
temp.267 = int 5
temp.397 = temp.231 + temp.267
temp.398 = temp.231 + temp.267
jmp 6

---- block 6 ----
jmp 8

---- block 8 ----
jmp 5

---- block 5 ----
temp.392 = temp.239 * temp.240
jmp 2

---- block 2 ----
jmp 4

---- block 4 ----
temp.303 = temp.392 + temp.397
storeprop temp.303, 0
jmp 1

---- block 1 ----
return 


----------- constant_folding -------------
=======================
fn @toplevel() -> 

---- block 0 ----
temp.231 = int 0
temp.239 = int 10
temp.240 = int 20
temp.267 = int 5
temp.397 = int 5
temp.398 = int 5
jmp 6

---- block 6 ----
jmp 8

---- block 8 ----
jmp 5

---- block 5 ----
temp.392 = int 200
jmp 2

---- block 2 ----
jmp 4

---- block 4 ----
temp.303 = temp.392 + temp.397
storeprop temp.303, 0
jmp 1

---- block 1 ----
return 


----------- duplicate_loads -------------
=======================
fn @toplevel() -> 

---- block 0 ----
temp.231 = int 0
temp.239 = int 10
temp.240 = int 20
temp.267 = int 5
temp.397 = temp.267
temp.398 = temp.267
jmp 6

---- block 6 ----
jmp 8

---- block 8 ----
jmp 5

---- block 5 ----
temp.392 = int 200
jmp 2

---- block 2 ----
jmp 4

---- block 4 ----
temp.303 = temp.392 + temp.397
storeprop temp.303, 0
jmp 1

---- block 1 ----
return 


----------- empty_block -------------
=======================
fn @toplevel() -> 

---- block 0 ----
temp.231 = int 0
temp.239 = int 10
temp.240 = int 20
temp.267 = int 5
temp.397 = temp.267
temp.398 = temp.267
jmp 8

---- block 8 ----
jmp 5

---- block 5 ----
temp.392 = int 200
jmp 4

---- block 4 ----
temp.303 = temp.392 + temp.397
storeprop temp.303, 0
return 


----------- simplify_blocks -------------
=======================
fn @toplevel() -> 

---- block 0 ----
temp.231 = int 0
temp.239 = int 10
temp.240 = int 20
temp.267 = int 5
temp.397 = temp.267
temp.398 = temp.267
jmp 8

---- block 8 ----
temp.392 = int 200
jmp 5

---- block 5 ----
temp.303 = temp.392 + temp.397
storeprop temp.303, 0
jmp 4

---- block 4 ----
return 


----------- copy_propagation -------------
=======================
fn @toplevel() -> 

---- block 0 ----
temp.231 = int 0
temp.239 = int 10
temp.240 = int 20
temp.267 = int 5
temp.397 = temp.267
temp.398 = temp.267
jmp 8

---- block 8 ----
temp.392 = int 200
jmp 5

---- block 5 ----
temp.303 = temp.392 + temp.267
storeprop temp.303, 0
jmp 4

---- block 4 ----
return 


----------- dead_store_elimination -------------
=======================
fn @toplevel() -> 

---- block 0 ----
temp.267 = int 5
jmp 8

---- block 8 ----
temp.392 = int 200
jmp 5

---- block 5 ----
temp.303 = temp.392 + temp.267
storeprop temp.303, 0
jmp 4

---- block 4 ----
return 


----------- constant_folding -------------
=======================
fn @toplevel() -> 

---- block 0 ----
temp.267 = int 5
jmp 8

---- block 8 ----
temp.392 = int 200
jmp 5

---- block 5 ----
temp.303 = int 205
storeprop temp.303, 0
jmp 4

---- block 4 ----
return 


----------- empty_block -------------
=======================
fn @toplevel() -> 

---- block 0 ----
temp.267 = int 5
jmp 8

---- block 8 ----
temp.392 = int 200
jmp 5

---- block 5 ----
temp.303 = int 205
storeprop temp.303, 0
return 


----------- simplify_blocks -------------
=======================
fn @toplevel() -> 

---- block 0 ----
temp.267 = int 5
temp.392 = int 200
jmp 8

---- block 8 ----
temp.303 = int 205
storeprop temp.303, 0
jmp 5

---- block 5 ----
return 


----------- dead_store_elimination -------------
=======================
fn @toplevel() -> 

---- block 0 ----
jmp 8

---- block 8 ----
temp.303 = int 205
storeprop temp.303, 0
jmp 5

---- block 5 ----
return 


----------- empty_block -------------
=======================
fn @toplevel() -> 

---- block 0 ----
jmp 8

---- block 8 ----
temp.303 = int 205
storeprop temp.303, 0
return 


----------- simplify_blocks -------------
=======================
fn @toplevel() -> 

---- block 0 ----
temp.303 = int 205
storeprop temp.303, 0
jmp 8

---- block 8 ----
return 


----------- empty_block -------------
=======================
fn @toplevel() -> 

---- block 0 ----
temp.303 = int 205
storeprop temp.303, 0
return
