---
source: compiler/src/compile/ir/optimisations.rs
expression: output
input_file: compiler/src/compile/ir/snapshot_tests/optimisations/inline/statement_inline.tapir
---
----------- before -------------
=======================
fn @toplevel() -> 

---- block 0 ----
temp.6 = int 6
temp.7 = foo(temp.6)
return 

=======================
fn foo(x.0) -> int

---- block 0 ----
temp.8 = x.0
temp.9 = int 5
temp.10 = temp.8 + temp.9
return temp.10


----------- inline_small_functions -------------
=======================
fn @toplevel() -> 

---- block 0 ----
temp.6 = int 6
jmp 2

---- block 2 ----
temp.12 = temp.6
temp.13 = int 5
temp.14 = temp.12 + temp.13
jmp 4

---- block 4 ----
temp.11 = φ(temp.14 from 2)
temp.7 = temp.11
jmp 1

---- block 1 ----
return 

=======================
fn foo(x.0) -> int

---- block 0 ----
temp.8 = x.0
temp.9 = int 5
temp.10 = temp.8 + temp.9
return temp.10
