---
source: compiler/src/grammar_test.rs
expression: ast
input_file: compiler/src/snapshot_tests/grammar/event_fn.tapir
---
Script(
  struct_declarations: [],
  property_declarations: [
    PropertyDeclaration(
      name: TypedIdent(
        ident: Ident(
          span: "[span]",
          ident: "int_prop",
        ),
        ty: Some(TypeWithLocation(
          t: Some(Int),
          name: "int",
          span: "[span]",
        )),
      ),
      span: "[span]",
    ),
  ],
  globals: [],
  functions: [
    Function(
      operator_def: None,
      receiver_type: None,
      name: "@toplevel",
      span: "[span]",
      statements: [],
      arguments: [],
      return_types: FunctionReturn(
        types: [],
        span: "[span]",
      ),
      modifiers: FunctionModifiers(
        is_event_handler: None,
      ),
      meta: {},
    ),
    Function(
      operator_def: None,
      receiver_type: None,
      name: "foo",
      span: "[span]",
      statements: [
        Statement(
          span: "[span]",
          kind: Assignment(
            targets: [
              [
                Ident(
                  span: "[span]",
                  ident: "int_prop",
                ),
              ],
            ],
            values: [
              Expression(
                span: "[span]",
                kind: Variable("x"),
                meta: {},
              ),
            ],
          ),
          meta: {},
        ),
      ],
      arguments: [
        TypedIdent(
          ident: Ident(
            span: "[span]",
            ident: "x",
          ),
          ty: Some(TypeWithLocation(
            t: Some(Int),
            name: "int",
            span: "[span]",
          )),
        ),
      ],
      return_types: FunctionReturn(
        types: [],
        span: "[span]",
      ),
      modifiers: FunctionModifiers(
        is_event_handler: Some(Span(
          file_id: FileId(0),
          start: 25,
          end: 30,
        )),
      ),
      meta: {},
    ),
  ],
  extern_functions: [],
  builtin_functions: [],
)
