---
source: compiler/src/grammar_test.rs
expression: ast
input_file: compiler/src/snapshot_tests/grammar/functions.tapir
---
Script(
  struct_declarations: [],
  property_declarations: [],
  globals: [],
  functions: [
    Function(
      doc_comment: None,
      kind: Regular,
      name: "@toplevel",
      span: "[span]",
      statements: [
        Statement(
          span: "[span]",
          kind: VariableDeclaration(
            idents: [
              TypedIdent(
                ident: Ident(
                  span: "[span]",
                  ident: "x",
                ),
                ty: None,
              ),
            ],
            values: [
              Expression(
                span: "[span]",
                kind: Integer(3),
                meta: {},
              ),
            ],
          ),
          meta: {},
        ),
      ],
      arguments: [],
      return_types: FunctionReturn(
        types: [],
        span: "[span]",
      ),
      modifiers: FunctionModifiers(
        is_event_handler: None,
      ),
      meta: {},
    ),
    Function(
      doc_comment: None,
      kind: Regular,
      name: "my_function_with_no_args_or_return",
      span: "[span]",
      statements: [],
      arguments: [],
      return_types: FunctionReturn(
        types: [],
        span: "[span]",
      ),
      modifiers: FunctionModifiers(
        is_event_handler: None,
      ),
      meta: {},
    ),
    Function(
      doc_comment: None,
      kind: Regular,
      name: "my_function_with_an_arg_no_return",
      span: "[span]",
      statements: [],
      arguments: [
        TypedIdent(
          ident: Ident(
            span: "[span]",
            ident: "x",
          ),
          ty: Some(TypeWithLocation(
            t: Some(Int),
            name: "int",
            span: "[span]",
          )),
        ),
      ],
      return_types: FunctionReturn(
        types: [],
        span: "[span]",
      ),
      modifiers: FunctionModifiers(
        is_event_handler: None,
      ),
      meta: {},
    ),
    Function(
      doc_comment: None,
      kind: Regular,
      name: "my_function_with_no_args_one_return",
      span: "[span]",
      statements: [],
      arguments: [],
      return_types: FunctionReturn(
        types: [
          TypeWithLocation(
            t: Some(Int),
            name: "int",
            span: "[span]",
          ),
        ],
        span: "[span]",
      ),
      modifiers: FunctionModifiers(
        is_event_handler: None,
      ),
      meta: {},
    ),
    Function(
      doc_comment: None,
      kind: Regular,
      name: "my_function_with_no_args_multiple_returns",
      span: "[span]",
      statements: [],
      arguments: [],
      return_types: FunctionReturn(
        types: [
          TypeWithLocation(
            t: Some(Int),
            name: "int",
            span: "[span]",
          ),
          TypeWithLocation(
            t: Some(Fix),
            name: "fix",
            span: "[span]",
          ),
        ],
        span: "[span]",
      ),
      modifiers: FunctionModifiers(
        is_event_handler: None,
      ),
      meta: {},
    ),
    Function(
      doc_comment: None,
      kind: Regular,
      name: "my_function_with_args_and_mulitple_returns",
      span: "[span]",
      statements: [],
      arguments: [
        TypedIdent(
          ident: Ident(
            span: "[span]",
            ident: "x",
          ),
          ty: Some(TypeWithLocation(
            t: Some(Int),
            name: "int",
            span: "[span]",
          )),
        ),
        TypedIdent(
          ident: Ident(
            span: "[span]",
            ident: "y",
          ),
          ty: Some(TypeWithLocation(
            t: Some(Fix),
            name: "fix",
            span: "[span]",
          )),
        ),
      ],
      return_types: FunctionReturn(
        types: [
          TypeWithLocation(
            t: Some(Int),
            name: "int",
            span: "[span]",
          ),
          TypeWithLocation(
            t: Some(Fix),
            name: "fix",
            span: "[span]",
          ),
        ],
        span: "[span]",
      ),
      modifiers: FunctionModifiers(
        is_event_handler: None,
      ),
      meta: {},
    ),
    Function(
      doc_comment: None,
      kind: Regular,
      name: "my_function_trailing_comma_in_args",
      span: "[span]",
      statements: [],
      arguments: [
        TypedIdent(
          ident: Ident(
            span: "[span]",
            ident: "x",
          ),
          ty: Some(TypeWithLocation(
            t: Some(Int),
            name: "int",
            span: "[span]",
          )),
        ),
        TypedIdent(
          ident: Ident(
            span: "[span]",
            ident: "y",
          ),
          ty: Some(TypeWithLocation(
            t: Some(Fix),
            name: "fix",
            span: "[span]",
          )),
        ),
      ],
      return_types: FunctionReturn(
        types: [],
        span: "[span]",
      ),
      modifiers: FunctionModifiers(
        is_event_handler: None,
      ),
      meta: {},
    ),
    Function(
      doc_comment: None,
      kind: Regular,
      name: "my_function_trailing_comma_in_return",
      span: "[span]",
      statements: [],
      arguments: [],
      return_types: FunctionReturn(
        types: [
          TypeWithLocation(
            t: Some(Int),
            name: "int",
            span: "[span]",
          ),
          TypeWithLocation(
            t: Some(Fix),
            name: "fix",
            span: "[span]",
          ),
        ],
        span: "[span]",
      ),
      modifiers: FunctionModifiers(
        is_event_handler: None,
      ),
      meta: {},
    ),
    Function(
      doc_comment: None,
      kind: Regular,
      name: "my_function_single_return_in_brackets",
      span: "[span]",
      statements: [],
      arguments: [],
      return_types: FunctionReturn(
        types: [
          TypeWithLocation(
            t: Some(Int),
            name: "int",
            span: "[span]",
          ),
        ],
        span: "[span]",
      ),
      modifiers: FunctionModifiers(
        is_event_handler: None,
      ),
      meta: {},
    ),
  ],
  extern_functions: [],
  builtin_functions: [],
)
