---
source: compiler/src/grammar_test.rs
expression: ast
input_file: compiler/src/snapshot_tests/grammar/multi_assignment.tapir
---
Script(
  imports: [],
  struct_declarations: [],
  property_declarations: [],
  globals: [],
  functions: [
    Function(
      kind: Regular,
      name: "@toplevel",
      span: "[span]",
      statements: [
        Statement(
          span: "[span]",
          kind: VariableDeclaration(
            idents: [
              TypedIdent(
                ident: Ident(
                  span: "[span]",
                  ident: "a",
                ),
                ty: None,
              ),
              TypedIdent(
                ident: Ident(
                  span: "[span]",
                  ident: "b",
                ),
                ty: None,
              ),
            ],
            values: [
              Expression(
                span: "[span]",
                kind: Integer(1),
                meta: {},
              ),
              Expression(
                span: "[span]",
                kind: Integer(2),
                meta: {},
              ),
            ],
          ),
          meta: {},
        ),
        Statement(
          span: "[span]",
          kind: VariableDeclaration(
            idents: [
              TypedIdent(
                ident: Ident(
                  span: "[span]",
                  ident: "x",
                ),
                ty: None,
              ),
              TypedIdent(
                ident: Ident(
                  span: "[span]",
                  ident: "y",
                ),
                ty: None,
              ),
              TypedIdent(
                ident: Ident(
                  span: "[span]",
                  ident: "z",
                ),
                ty: None,
              ),
            ],
            values: [
              Expression(
                span: "[span]",
                kind: Fix,
                meta: {},
              ),
              Expression(
                span: "[span]",
                kind: Fix,
                meta: {},
              ),
              Expression(
                span: "[span]",
                kind: Fix,
                meta: {},
              ),
            ],
          ),
          meta: {},
        ),
        Statement(
          span: "[span]",
          kind: VariableDeclaration(
            idents: [
              TypedIdent(
                ident: Ident(
                  span: "[span]",
                  ident: "p",
                ),
                ty: None,
              ),
              TypedIdent(
                ident: Ident(
                  span: "[span]",
                  ident: "q",
                ),
                ty: None,
              ),
            ],
            values: [
              Expression(
                span: "[span]",
                kind: Call(
                  name: "returns_two",
                  arguments: [],
                ),
                meta: {},
              ),
            ],
          ),
          meta: {},
        ),
        Statement(
          span: "[span]",
          kind: VariableDeclaration(
            idents: [
              TypedIdent(
                ident: Ident(
                  span: "[span]",
                  ident: "i",
                ),
                ty: None,
              ),
              TypedIdent(
                ident: Ident(
                  span: "[span]",
                  ident: "j",
                ),
                ty: None,
              ),
              TypedIdent(
                ident: Ident(
                  span: "[span]",
                  ident: "k",
                ),
                ty: None,
              ),
            ],
            values: [
              Expression(
                span: "[span]",
                kind: Call(
                  name: "returns_three",
                  arguments: [],
                ),
                meta: {},
              ),
            ],
          ),
          meta: {},
        ),
        Statement(
          span: "[span]",
          kind: Assignment(
            targets: [
              Expression(
                span: "[span]",
                kind: Variable("a"),
                meta: {},
              ),
              Expression(
                span: "[span]",
                kind: Variable("b"),
                meta: {},
              ),
            ],
            values: [
              Expression(
                span: "[span]",
                kind: Integer(3),
                meta: {},
              ),
              Expression(
                span: "[span]",
                kind: Integer(4),
                meta: {},
              ),
            ],
          ),
          meta: {},
        ),
        Statement(
          span: "[span]",
          kind: Assignment(
            targets: [
              Expression(
                span: "[span]",
                kind: Variable("p"),
                meta: {},
              ),
              Expression(
                span: "[span]",
                kind: Variable("q"),
                meta: {},
              ),
            ],
            values: [
              Expression(
                span: "[span]",
                kind: Call(
                  name: "returns_two",
                  arguments: [],
                ),
                meta: {},
              ),
            ],
          ),
          meta: {},
        ),
        Statement(
          span: "[span]",
          kind: Assignment(
            targets: [
              Expression(
                span: "[span]",
                kind: Variable("a"),
                meta: {},
              ),
              Expression(
                span: "[span]",
                kind: Variable("b"),
                meta: {},
              ),
            ],
            values: [
              Expression(
                span: "[span]",
                kind: Variable("b"),
                meta: {},
              ),
              Expression(
                span: "[span]",
                kind: Variable("a"),
                meta: {},
              ),
            ],
          ),
          meta: {},
        ),
        Statement(
          span: "[span]",
          kind: VariableDeclaration(
            idents: [
              TypedIdent(
                ident: Ident(
                  span: "[span]",
                  ident: "m",
                ),
                ty: None,
              ),
              TypedIdent(
                ident: Ident(
                  span: "[span]",
                  ident: "n",
                ),
                ty: None,
              ),
            ],
            values: [
              Expression(
                span: "[span]",
                kind: Call(
                  name: "foo",
                  arguments: [],
                ),
                meta: {},
              ),
              Expression(
                span: "[span]",
                kind: Call(
                  name: "bar",
                  arguments: [],
                ),
                meta: {},
              ),
            ],
          ),
          meta: {},
        ),
      ],
      arguments: [],
      return_types: FunctionReturn(
        types: [],
        span: "[span]",
      ),
      modifiers: FunctionModifiers(
        is_event_handler: None,
      ),
      meta: {},
    ),
    Function(
      kind: Regular,
      name: "returns_two",
      span: "[span]",
      statements: [
        Statement(
          span: "[span]",
          kind: Return(
            values: [
              Expression(
                span: "[span]",
                kind: Integer(1),
                meta: {},
              ),
              Expression(
                span: "[span]",
                kind: Fix,
                meta: {},
              ),
            ],
          ),
          meta: {},
        ),
      ],
      arguments: [],
      return_types: FunctionReturn(
        types: [
          TypeWithLocation(
            t: Some(Int),
            name: "int",
            span: "[span]",
          ),
          TypeWithLocation(
            t: Some(Fix),
            name: "fix",
            span: "[span]",
          ),
        ],
        span: "[span]",
      ),
      modifiers: FunctionModifiers(
        is_event_handler: None,
      ),
      meta: {},
    ),
    Function(
      kind: Regular,
      name: "returns_three",
      span: "[span]",
      statements: [
        Statement(
          span: "[span]",
          kind: Return(
            values: [
              Expression(
                span: "[span]",
                kind: Integer(1),
                meta: {},
              ),
              Expression(
                span: "[span]",
                kind: Integer(2),
                meta: {},
              ),
              Expression(
                span: "[span]",
                kind: Integer(3),
                meta: {},
              ),
            ],
          ),
          meta: {},
        ),
      ],
      arguments: [],
      return_types: FunctionReturn(
        types: [
          TypeWithLocation(
            t: Some(Int),
            name: "int",
            span: "[span]",
          ),
          TypeWithLocation(
            t: Some(Int),
            name: "int",
            span: "[span]",
          ),
          TypeWithLocation(
            t: Some(Int),
            name: "int",
            span: "[span]",
          ),
        ],
        span: "[span]",
      ),
      modifiers: FunctionModifiers(
        is_event_handler: None,
      ),
      meta: {},
    ),
    Function(
      kind: Regular,
      name: "foo",
      span: "[span]",
      statements: [
        Statement(
          span: "[span]",
          kind: Return(
            values: [
              Expression(
                span: "[span]",
                kind: Integer(1),
                meta: {},
              ),
            ],
          ),
          meta: {},
        ),
      ],
      arguments: [],
      return_types: FunctionReturn(
        types: [
          TypeWithLocation(
            t: Some(Int),
            name: "int",
            span: "[span]",
          ),
        ],
        span: "[span]",
      ),
      modifiers: FunctionModifiers(
        is_event_handler: None,
      ),
      meta: {},
    ),
    Function(
      kind: Regular,
      name: "bar",
      span: "[span]",
      statements: [
        Statement(
          span: "[span]",
          kind: Return(
            values: [
              Expression(
                span: "[span]",
                kind: Integer(2),
                meta: {},
              ),
            ],
          ),
          meta: {},
        ),
      ],
      arguments: [],
      return_types: FunctionReturn(
        types: [
          TypeWithLocation(
            t: Some(Int),
            name: "int",
            span: "[span]",
          ),
        ],
        span: "[span]",
      ),
      modifiers: FunctionModifiers(
        is_event_handler: None,
      ),
      meta: {},
    ),
  ],
  extern_functions: [],
  builtin_functions: [],
)
