---
source: compiler/src/grammar_test.rs
expression: ast
input_file: compiler/src/snapshot_tests/grammar/struct_declarations.tapir
---
Script(
  struct_declarations: [
    StructDeclaration(
      name: Ident(
        span: "[span]",
        ident: "Point",
      ),
      fields: [
        TypedIdent(
          ident: Ident(
            span: "[span]",
            ident: "x",
          ),
          ty: Some(TypeWithLocation(
            t: Some(Int),
            name: "int",
            span: "[span]",
          )),
        ),
        TypedIdent(
          ident: Ident(
            span: "[span]",
            ident: "y",
          ),
          ty: Some(TypeWithLocation(
            t: Some(Int),
            name: "int",
            span: "[span]",
          )),
        ),
      ],
      span: "[span]",
    ),
    StructDeclaration(
      name: Ident(
        span: "[span]",
        ident: "Empty",
      ),
      fields: [],
      span: "[span]",
    ),
    StructDeclaration(
      name: Ident(
        span: "[span]",
        ident: "Single",
      ),
      fields: [
        TypedIdent(
          ident: Ident(
            span: "[span]",
            ident: "value",
          ),
          ty: Some(TypeWithLocation(
            t: Some(Fix),
            name: "fix",
            span: "[span]",
          )),
        ),
      ],
      span: "[span]",
    ),
    StructDeclaration(
      name: Ident(
        span: "[span]",
        ident: "Nested",
      ),
      fields: [
        TypedIdent(
          ident: Ident(
            span: "[span]",
            ident: "origin",
          ),
          ty: Some(TypeWithLocation(
            t: None,
            name: "Point",
            span: "[span]",
          )),
        ),
        TypedIdent(
          ident: Ident(
            span: "[span]",
            ident: "size",
          ),
          ty: Some(TypeWithLocation(
            t: None,
            name: "Point",
            span: "[span]",
          )),
        ),
      ],
      span: "[span]",
    ),
    StructDeclaration(
      name: Ident(
        span: "[span]",
        ident: "WithTrailingComma",
      ),
      fields: [
        TypedIdent(
          ident: Ident(
            span: "[span]",
            ident: "a",
          ),
          ty: Some(TypeWithLocation(
            t: Some(Int),
            name: "int",
            span: "[span]",
          )),
        ),
        TypedIdent(
          ident: Ident(
            span: "[span]",
            ident: "b",
          ),
          ty: Some(TypeWithLocation(
            t: Some(Bool),
            name: "bool",
            span: "[span]",
          )),
        ),
      ],
      span: "[span]",
    ),
  ],
  property_declarations: [],
  globals: [],
  functions: [
    Function(
      receiver_type: None,
      name: "@toplevel",
      span: "[span]",
      statements: [],
      arguments: [],
      return_types: FunctionReturn(
        types: [],
        span: "[span]",
      ),
      modifiers: FunctionModifiers(
        is_event_handler: None,
      ),
      meta: {},
    ),
  ],
  extern_functions: [],
  builtin_functions: [],
)
