---
source: vm/src/lib.rs
expression: results
input_file: vm/src/snapshot_tests/stack/globals.tapir
---
[
  FrameResult(
    active_states: 2,
    int_prop: 0,
  ),
  FrameResult(
    active_states: 2,
    int_prop: 1,
  ),
  FrameResult(
    active_states: 2,
    int_prop: 2,
  ),
  FrameResult(
    active_states: 2,
    int_prop: 3,
  ),
  FrameResult(
    active_states: 1,
    int_prop: 4,
  ),
  FrameResult(
    active_states: 0,
    int_prop: 5,
  ),
]
