---
source: vm/src/lib.rs
expression: stack_at_waits
input_file: vm/src/snapshot_tests/stack/structs/function_param.tapir
---
[
  ([
    [
      -1,
      7,
      18,
    ],
  ], PropObj(
    int_prop: 18,
  )),
  ([
    [
      -1,
      7,
      18,
    ],
  ], PropObj(
    int_prop: 7,
  )),
  ([], PropObj(
    int_prop: 300,
  )),
]
