---
source: vm/src/lib.rs
expression: stack_at_waits
input_file: vm/src/snapshot_tests/stack/large_number_manipulation.tapir
---
[
  ([
    [
      -1,
      6400,
    ],
  ], PropObj(
    int_prop: 3024,
  )),
  ([
    [
      -1,
      6400,
      0,
      50331656,
      6400,
    ],
  ], PropObj(
    int_prop: 3024,
  )),
  ([], PropObj(
    int_prop: 3024,
  )),
]
