---
source: vm/src/lib.rs
expression: stack_at_waits
input_file: vm/src/snapshot_tests/stack/structs/field_access_on_call.tapir
---
[
  ([
    [
      -1,
      99,
      42,
    ],
  ], PropObj(
    int_prop: 42,
  )),
  ([
    [
      -1,
      99,
      42,
    ],
  ], PropObj(
    int_prop: 99,
  )),
  ([], PropObj(
    int_prop: 50,
  )),
]
