---
source: compiler/src/compile/ir.rs
expression: output
input_file: compiler/src/compile/snapshot_tests/ir/struct_assignment_nested.tapir
---
=======================
fn @toplevel() -> 

---- block 0 ----
temp.14 = int 0
temp.15 = int 0
temp.11.x.12 = temp.14
temp.11.y.13 = temp.15
temp.18 = temp.11.x.12
temp.10.x.16 = temp.18
temp.19 = temp.11.y.13
temp.10.y.17 = temp.19
temp.24 = int 10
temp.25 = int 10
temp.21.x.22 = temp.24
temp.21.y.23 = temp.25
temp.28 = temp.21.x.22
temp.20.x.26 = temp.28
temp.29 = temp.21.y.23
temp.20.y.27 = temp.29
temp.3.origin.x.5 = temp.10.x.16
temp.3.origin.y.6 = temp.10.y.17
temp.3.size.x.8 = temp.20.x.26
temp.3.size.y.9 = temp.20.y.27
temp.36 = temp.3.origin.x.5
temp.2.origin.x.31 = temp.36
temp.37 = temp.3.origin.y.6
temp.2.origin.y.32 = temp.37
temp.38 = temp.3.size.x.8
temp.2.size.x.34 = temp.38
temp.39 = temp.3.size.y.9
temp.2.size.y.35 = temp.39
temp.46 = temp.2.origin.x.31
r1.origin.x.41 = temp.46
temp.47 = temp.2.origin.y.32
r1.origin.y.42 = temp.47
temp.48 = temp.2.size.x.34
r1.size.x.44 = temp.48
temp.49 = temp.2.size.y.35
r1.size.y.45 = temp.49
temp.57 = r1.origin.x.41
temp.50.origin.x.52 = temp.57
temp.58 = r1.origin.y.42
temp.50.origin.y.53 = temp.58
temp.59 = r1.size.x.44
temp.50.size.x.55 = temp.59
temp.60 = r1.size.y.45
temp.50.size.y.56 = temp.60
temp.67 = temp.50.origin.x.52
r2.origin.x.62 = temp.67
temp.68 = temp.50.origin.y.53
r2.origin.y.63 = temp.68
temp.69 = temp.50.size.x.55
r2.size.x.65 = temp.69
temp.70 = temp.50.size.y.56
r2.size.y.66 = temp.70
return
