---
source: compiler/src/compile/struct_visitor.rs
expression: diagnostics.pretty_string(false)
input_file: compiler/src/compile/snapshot_tests/struct_visitor/struct_shadows_builtin_fail.tapir
---
[E0038] Error: struct name `int` shadows a builtin type
   ╭─[ struct_shadows_builtin_fail.tapir:1:8 ]
   │
 1 │ struct int { value: fix }
   │        ─┬─  
   │         ╰─── Builtin type cannot be used as struct name
───╯
[E0038] Error: struct name `bool` shadows a builtin type
   ╭─[ struct_shadows_builtin_fail.tapir:2:8 ]
   │
 2 │ struct bool { flag: int }
   │        ──┬─  
   │          ╰─── Builtin type cannot be used as struct name
───╯
[E0038] Error: struct name `fix` shadows a builtin type
   ╭─[ struct_shadows_builtin_fail.tapir:3:8 ]
   │
 3 │ struct fix { num: int }
   │        ─┬─  
   │         ╰─── Builtin type cannot be used as struct name
───╯
