---
source: compiler/src/compile/ir.rs
expression: output
input_file: compiler/src/compile/snapshot_tests/ir/struct_function_both.tapir
---
=======================
fn @toplevel() -> 

---- block 0 ----
temp.8 = int 1
temp.9 = int 2
temp.5.x.6 = temp.8
temp.5.y.7 = temp.9
temp.12 = temp.5.x.6
p1.x.10 = temp.12
temp.13 = temp.5.y.7
p1.y.11 = temp.13
temp.17 = int 3
temp.18 = int 4
temp.14.x.15 = temp.17
temp.14.y.16 = temp.18
temp.21 = temp.14.x.15
p2.x.19 = temp.21
temp.22 = temp.14.y.16
p2.y.20 = temp.22
temp.27 = p1.x.10
temp.24.x.25 = temp.27
temp.28 = p1.y.11
temp.24.y.26 = temp.28
temp.32 = p2.x.19
temp.29.x.30 = temp.32
temp.33 = p2.y.20
temp.29.y.31 = temp.33
temp.23.x.34, temp.23.y.35 = add_points(temp.24.x.25, temp.24.y.26, temp.29.x.30, temp.29.y.31)
temp.38 = temp.23.x.34
sum.x.36 = temp.38
temp.39 = temp.23.y.35
sum.y.37 = temp.39
return 

=======================
fn add_points(a.x.40, a.y.41, b.x.42, b.y.43) -> int, int

---- block 0 ----
temp.54 = a.x.40
temp.51.x.52 = temp.54
temp.55 = a.y.41
temp.51.y.53 = temp.55
temp.49 = temp.51.x.52
temp.59 = b.x.42
temp.56.x.57 = temp.59
temp.60 = b.y.43
temp.56.y.58 = temp.60
temp.50 = temp.56.x.57
temp.48 = temp.49 + temp.50
temp.67 = a.x.40
temp.64.x.65 = temp.67
temp.68 = a.y.41
temp.64.y.66 = temp.68
temp.62 = temp.64.y.66
temp.72 = b.x.42
temp.69.x.70 = temp.72
temp.73 = b.y.43
temp.69.y.71 = temp.73
temp.63 = temp.69.y.71
temp.61 = temp.62 + temp.63
temp.45.x.46 = temp.48
temp.45.y.47 = temp.61
temp.76 = temp.45.x.46
temp.44.x.74 = temp.76
temp.77 = temp.45.y.47
temp.44.y.75 = temp.77
return temp.44.x.74, temp.44.y.75
