---
source: compiler/src/compile/ir.rs
expression: output
input_file: compiler/src/compile/snapshot_tests/ir/struct_assignment_nested.tapir
---
=======================
fn @toplevel() -> 

---- block 0 ----
temp.13 = int 0
temp.14 = int 0
temp.10.x.11 = temp.13
temp.10.y.12 = temp.14
temp.9.x.15 = temp.10.x.11
temp.9.y.16 = temp.10.y.12
temp.21 = int 10
temp.22 = int 10
temp.18.x.19 = temp.21
temp.18.y.20 = temp.22
temp.17.x.23 = temp.18.x.19
temp.17.y.24 = temp.18.y.20
temp.2.origin.x.4 = temp.9.x.15
temp.2.origin.y.5 = temp.9.y.16
temp.2.size.x.7 = temp.17.x.23
temp.2.size.y.8 = temp.17.y.24
r1.origin.x.26 = temp.2.origin.x.4
r1.origin.y.27 = temp.2.origin.y.5
r1.size.x.29 = temp.2.size.x.7
r1.size.y.30 = temp.2.size.y.8
temp.38 = r1.origin.x.26
temp.31.origin.x.33 = temp.38
temp.39 = r1.origin.y.27
temp.31.origin.y.34 = temp.39
temp.40 = r1.size.x.29
temp.31.size.x.36 = temp.40
temp.41 = r1.size.y.30
temp.31.size.y.37 = temp.41
temp.48 = temp.31.origin.x.33
r2.origin.x.43 = temp.48
temp.49 = temp.31.origin.y.34
r2.origin.y.44 = temp.49
temp.50 = temp.31.size.x.36
r2.size.x.46 = temp.50
temp.51 = temp.31.size.y.37
r2.size.y.47 = temp.51
return
