---
source: compiler/src/compile/ir.rs
expression: output
input_file: compiler/src/compile/snapshot_tests/ir/struct_function_both.tapir
---
=======================
fn @toplevel() -> 

---- block 0 ----
temp.6 = int 1
temp.7 = int 2
temp.5.x.8 = temp.6
temp.5.y.9 = temp.7
temp.12 = temp.5.x.8
p1.x.10 = temp.12
temp.13 = temp.5.y.9
p1.y.11 = temp.13
temp.15 = int 3
temp.16 = int 4
temp.14.x.17 = temp.15
temp.14.y.18 = temp.16
temp.21 = temp.14.x.17
p2.x.19 = temp.21
temp.22 = temp.14.y.18
p2.y.20 = temp.22
temp.27 = p1.x.10
temp.24.x.25 = temp.27
temp.28 = p1.y.11
temp.24.y.26 = temp.28
temp.32 = p2.x.19
temp.29.x.30 = temp.32
temp.33 = p2.y.20
temp.29.y.31 = temp.33
temp.23.x.34, temp.23.y.35 = add_points(temp.24.x.25, temp.24.y.26, temp.29.x.30, temp.29.y.31)
temp.38 = temp.23.x.34
sum.x.36 = temp.38
temp.39 = temp.23.y.35
sum.y.37 = temp.39
return 

=======================
fn add_points(a.x.40, a.y.41, b.x.42, b.y.43) -> int, int

---- block 0 ----
temp.51 = a.x.40
temp.48.x.49 = temp.51
temp.52 = a.y.41
temp.48.y.50 = temp.52
temp.46 = temp.48.x.49
temp.56 = b.x.42
temp.53.x.54 = temp.56
temp.57 = b.y.43
temp.53.y.55 = temp.57
temp.47 = temp.53.x.54
temp.45 = temp.46 + temp.47
temp.64 = a.x.40
temp.61.x.62 = temp.64
temp.65 = a.y.41
temp.61.y.63 = temp.65
temp.59 = temp.61.y.63
temp.69 = b.x.42
temp.66.x.67 = temp.69
temp.70 = b.y.43
temp.66.y.68 = temp.70
temp.60 = temp.66.y.68
temp.58 = temp.59 + temp.60
temp.44.x.71 = temp.45
temp.44.y.72 = temp.58
return temp.44.x.71, temp.44.y.72
