---
source: compiler/src/compile/ir.rs
expression: output
input_file: compiler/src/compile/snapshot_tests/ir/field_access_simple.tapir
---
=======================
fn @toplevel() -> 

---- block 0 ----
return 

=======================
fn test_read_fields() -> 

---- block 0 ----
temp.8 = int 1
temp.9 = int 2
temp.5.x.6 = temp.8
temp.5.y.7 = temp.9
temp.12 = temp.5.x.6
p.x.10 = temp.12
temp.13 = temp.5.y.7
p.y.11 = temp.13
temp.18 = p.x.10
temp.15.x.16 = temp.18
temp.19 = p.y.11
temp.15.y.17 = temp.19
temp.14 = temp.15.x.16
x.1 = temp.14
temp.24 = p.x.10
temp.21.x.22 = temp.24
temp.25 = p.y.11
temp.21.y.23 = temp.25
temp.20 = temp.21.y.23
y.2 = temp.20
return 

=======================
fn test_field_in_expression() -> 

---- block 0 ----
temp.29 = int 3
temp.30 = int 4
temp.26.x.27 = temp.29
temp.26.y.28 = temp.30
temp.33 = temp.26.x.27
p.x.31 = temp.33
temp.34 = temp.26.y.28
p.y.32 = temp.34
temp.41 = p.x.31
temp.38.x.39 = temp.41
temp.42 = p.y.32
temp.38.y.40 = temp.42
temp.36 = temp.38.x.39
temp.46 = p.x.31
temp.43.x.44 = temp.46
temp.47 = p.y.32
temp.43.y.45 = temp.47
temp.37 = temp.43.y.45
temp.35 = temp.36 + temp.37
sum.4 = temp.35
return
