---
source: compiler/src/compile/ir.rs
expression: output
input_file: compiler/src/compile/snapshot_tests/ir/struct_constructor_nested.tapir
---
=======================
fn @toplevel() -> 

---- block 0 ----
return 

=======================
fn test_nested_constructor() -> 

---- block 0 ----
temp.15 = int 0
temp.16 = int 0
temp.12.x.13 = temp.15
temp.12.y.14 = temp.16
temp.19 = temp.12.x.13
temp.11.x.17 = temp.19
temp.20 = temp.12.y.14
temp.11.y.18 = temp.20
temp.25 = int 100
temp.26 = int 200
temp.22.x.23 = temp.25
temp.22.y.24 = temp.26
temp.29 = temp.22.x.23
temp.21.x.27 = temp.29
temp.30 = temp.22.y.24
temp.21.y.28 = temp.30
temp.4.origin.x.6 = temp.11.x.17
temp.4.origin.y.7 = temp.11.y.18
temp.4.size.x.9 = temp.21.x.27
temp.4.size.y.10 = temp.21.y.28
temp.37 = temp.4.origin.x.6
temp.3.origin.x.32 = temp.37
temp.38 = temp.4.origin.y.7
temp.3.origin.y.33 = temp.38
temp.39 = temp.4.size.x.9
temp.3.size.x.35 = temp.39
temp.40 = temp.4.size.y.10
temp.3.size.y.36 = temp.40
temp.47 = temp.3.origin.x.32
r.origin.x.42 = temp.47
temp.48 = temp.3.origin.y.33
r.origin.y.43 = temp.48
temp.49 = temp.3.size.x.35
r.size.x.45 = temp.49
temp.50 = temp.3.size.y.36
r.size.y.46 = temp.50
return 

=======================
fn test_mixed_fields() -> 

---- block 0 ----
temp.64 = int 0
temp.65 = int 0
temp.61.x.62 = temp.64
temp.61.y.63 = temp.65
temp.68 = temp.61.x.62
temp.60.x.66 = temp.68
temp.69 = temp.61.y.63
temp.60.y.67 = temp.69
temp.70 = int 5
temp.75 = int 100
temp.76 = int 100
temp.72.x.73 = temp.75
temp.72.y.74 = temp.76
temp.79 = temp.72.x.73
temp.71.x.77 = temp.79
temp.80 = temp.72.y.74
temp.71.y.78 = temp.80
temp.52.start.x.54 = temp.60.x.66
temp.52.start.y.55 = temp.60.y.67
temp.52.thickness.56 = temp.70
temp.52.end.x.58 = temp.71.x.77
temp.52.end.y.59 = temp.71.y.78
temp.88 = temp.52.start.x.54
temp.51.start.x.82 = temp.88
temp.89 = temp.52.start.y.55
temp.51.start.y.83 = temp.89
temp.90 = temp.52.thickness.56
temp.51.thickness.84 = temp.90
temp.91 = temp.52.end.x.58
temp.51.end.x.86 = temp.91
temp.92 = temp.52.end.y.59
temp.51.end.y.87 = temp.92
temp.100 = temp.51.start.x.82
line.start.x.94 = temp.100
temp.101 = temp.51.start.y.83
line.start.y.95 = temp.101
temp.102 = temp.51.thickness.84
line.thickness.96 = temp.102
temp.103 = temp.51.end.x.86
line.end.x.98 = temp.103
temp.104 = temp.51.end.y.87
line.end.y.99 = temp.104
return 

=======================
fn test_deep_nesting() -> 

---- block 0 ----
temp.126 = int 0
temp.127 = int 0
temp.123.x.124 = temp.126
temp.123.y.125 = temp.127
temp.130 = temp.123.x.124
temp.122.x.128 = temp.130
temp.131 = temp.123.y.125
temp.122.y.129 = temp.131
temp.136 = int 50
temp.137 = int 50
temp.133.x.134 = temp.136
temp.133.y.135 = temp.137
temp.140 = temp.133.x.134
temp.132.x.138 = temp.140
temp.141 = temp.133.y.135
temp.132.y.139 = temp.141
temp.115.origin.x.117 = temp.122.x.128
temp.115.origin.y.118 = temp.122.y.129
temp.115.size.x.120 = temp.132.x.138
temp.115.size.y.121 = temp.132.y.139
temp.148 = temp.115.origin.x.117
temp.114.origin.x.143 = temp.148
temp.149 = temp.115.origin.y.118
temp.114.origin.y.144 = temp.149
temp.150 = temp.115.size.x.120
temp.114.size.x.146 = temp.150
temp.151 = temp.115.size.y.121
temp.114.size.y.147 = temp.151
temp.106.bounds.origin.x.109 = temp.114.origin.x.143
temp.106.bounds.origin.y.110 = temp.114.origin.y.144
temp.106.bounds.size.x.112 = temp.114.size.x.146
temp.106.bounds.size.y.113 = temp.114.size.y.147
temp.159 = temp.106.bounds.origin.x.109
temp.105.bounds.origin.x.154 = temp.159
temp.160 = temp.106.bounds.origin.y.110
temp.105.bounds.origin.y.155 = temp.160
temp.161 = temp.106.bounds.size.x.112
temp.105.bounds.size.x.157 = temp.161
temp.162 = temp.106.bounds.size.y.113
temp.105.bounds.size.y.158 = temp.162
temp.170 = temp.105.bounds.origin.x.154
b.bounds.origin.x.165 = temp.170
temp.171 = temp.105.bounds.origin.y.155
b.bounds.origin.y.166 = temp.171
temp.172 = temp.105.bounds.size.x.157
b.bounds.size.x.168 = temp.172
temp.173 = temp.105.bounds.size.y.158
b.bounds.size.y.169 = temp.173
return
