---
source: compiler/src/compile/ir.rs
expression: output
input_file: compiler/src/compile/snapshot_tests/ir/field_access_simple.tapir
---
=======================
fn @toplevel() -> 

---- block 0 ----
return 

=======================
fn test_read_fields() -> 

---- block 0 ----
temp.9 = int 1
temp.10 = int 2
temp.6.x.7 = temp.9
temp.6.y.8 = temp.10
temp.13 = temp.6.x.7
temp.5.x.11 = temp.13
temp.14 = temp.6.y.8
temp.5.y.12 = temp.14
temp.17 = temp.5.x.11
p.x.15 = temp.17
temp.18 = temp.5.y.12
p.y.16 = temp.18
temp.23 = p.x.15
temp.20.x.21 = temp.23
temp.24 = p.y.16
temp.20.y.22 = temp.24
temp.19 = temp.20.x.21
x.1 = temp.19
temp.29 = p.x.15
temp.26.x.27 = temp.29
temp.30 = p.y.16
temp.26.y.28 = temp.30
temp.25 = temp.26.y.28
y.2 = temp.25
return 

=======================
fn test_field_in_expression() -> 

---- block 0 ----
temp.35 = int 3
temp.36 = int 4
temp.32.x.33 = temp.35
temp.32.y.34 = temp.36
temp.39 = temp.32.x.33
temp.31.x.37 = temp.39
temp.40 = temp.32.y.34
temp.31.y.38 = temp.40
temp.43 = temp.31.x.37
p.x.41 = temp.43
temp.44 = temp.31.y.38
p.y.42 = temp.44
temp.51 = p.x.41
temp.48.x.49 = temp.51
temp.52 = p.y.42
temp.48.y.50 = temp.52
temp.46 = temp.48.x.49
temp.56 = p.x.41
temp.53.x.54 = temp.56
temp.57 = p.y.42
temp.53.y.55 = temp.57
temp.47 = temp.53.y.55
temp.45 = temp.46 + temp.47
sum.4 = temp.45
return
