---
source: compiler/src/compile/ir.rs
expression: output
input_file: compiler/src/compile/snapshot_tests/ir/struct_function_param.tapir
---
=======================
fn @toplevel() -> 

---- block 0 ----
temp.3 = int 5
temp.4 = int 10
pt.x.5 = temp.3
pt.y.6 = temp.4
temp.8.x.9 = pt.x.5
temp.8.y.10 = pt.y.6
temp.7 = get_x(temp.8.x.9, temp.8.y.10)
x.1 = temp.7
return 

=======================
fn get_x(p.x.11, p.y.12) -> int

---- block 0 ----
temp.14.x.15 = p.x.11
temp.14.y.16 = p.y.12
temp.13 = temp.14.x.15
return temp.13
