---
source: compiler/src/compile/ir.rs
expression: output
input_file: compiler/src/compile/snapshot_tests/ir/struct_constructor_mixed.tapir
---
=======================
fn @toplevel() -> 

---- block 0 ----
return 

=======================
fn test_scalar_then_struct() -> 

---- block 0 ----
temp.4 = int 2
temp.7 = int 3
temp.8 = int 5
p.x.5 = temp.7
p.y.6 = temp.8
x.0 = temp.4
return 

=======================
fn test_struct_then_scalar() -> 

---- block 0 ----
temp.11 = int 3
temp.12 = int 5
p.x.9 = temp.11
p.y.10 = temp.12
temp.13 = int 2
x.3 = temp.13
return
