---
source: compiler/src/compile/ir.rs
expression: output
input_file: compiler/src/compile/snapshot_tests/ir/field_assignment_nested.tapir
---
=======================
fn @toplevel() -> 

---- block 0 ----
temp.13 = int 0
temp.14 = int 0
temp.10.x.11 = temp.13
temp.10.y.12 = temp.14
temp.17 = temp.10.x.11
temp.9.x.15 = temp.17
temp.18 = temp.10.y.12
temp.9.y.16 = temp.18
temp.23 = int 10
temp.24 = int 10
temp.20.x.21 = temp.23
temp.20.y.22 = temp.24
temp.27 = temp.20.x.21
temp.19.x.25 = temp.27
temp.28 = temp.20.y.22
temp.19.y.26 = temp.28
temp.2.origin.x.4 = temp.9.x.15
temp.2.origin.y.5 = temp.9.y.16
temp.2.size.x.7 = temp.19.x.25
temp.2.size.y.8 = temp.19.y.26
temp.35 = temp.2.origin.x.4
temp.1.origin.x.30 = temp.35
temp.36 = temp.2.origin.y.5
temp.1.origin.y.31 = temp.36
temp.37 = temp.2.size.x.7
temp.1.size.x.33 = temp.37
temp.38 = temp.2.size.y.8
temp.1.size.y.34 = temp.38
temp.45 = temp.1.origin.x.30
r.origin.x.40 = temp.45
temp.46 = temp.1.origin.y.31
r.origin.y.41 = temp.46
temp.47 = temp.1.size.x.33
r.size.x.43 = temp.47
temp.48 = temp.1.size.y.34
r.size.y.44 = temp.48
temp.49 = int 5
r.origin.x.40 = temp.49
temp.50 = int 20
r.size.y.44 = temp.50
return
