---
source: compiler/src/compile/ir.rs
expression: output
input_file: compiler/src/compile/snapshot_tests/ir/struct_property_basic.tapir
---
=======================
fn @toplevel() -> 

---- block 0 ----
temp.5 = int 10
storeprop temp.5, 0
temp.6 = int 20
storeprop temp.6, 1
getprop temp.7, 0
x.3 = temp.7
getprop temp.8, 1
y.4 = temp.8
return
