---
source: compiler/src/compile/ir.rs
expression: output
input_file: compiler/src/compile/snapshot_tests/ir/struct_function_param.tapir
---
=======================
fn @toplevel() -> 

---- block 0 ----
temp.6 = int 5
temp.7 = int 10
temp.3.x.4 = temp.6
temp.3.y.5 = temp.7
pt.x.8 = temp.3.x.4
pt.y.9 = temp.3.y.5
temp.14 = pt.x.8
temp.11.x.12 = temp.14
temp.15 = pt.y.9
temp.11.y.13 = temp.15
temp.10 = get_x(temp.11.x.12, temp.11.y.13)
x.1 = temp.10
return 

=======================
fn get_x(p.x.16, p.y.17) -> int

---- block 0 ----
temp.22 = p.x.16
temp.19.x.20 = temp.22
temp.23 = p.y.17
temp.19.y.21 = temp.23
temp.18 = temp.19.x.20
return temp.18
