---
source: compiler/src/compile/ir.rs
expression: output
input_file: compiler/src/compile/snapshot_tests/ir/struct_assignment_reassign.tapir
---
=======================
fn @toplevel() -> 

---- block 0 ----
temp.6 = int 1
temp.7 = int 2
temp.3.x.4 = temp.6
temp.3.y.5 = temp.7
temp.10 = temp.3.x.4
temp.2.x.8 = temp.10
temp.11 = temp.3.y.5
temp.2.y.9 = temp.11
temp.14 = temp.2.x.8
p.x.12 = temp.14
temp.15 = temp.2.y.9
p.y.13 = temp.15
temp.20 = int 3
temp.21 = int 4
temp.17.x.18 = temp.20
temp.17.y.19 = temp.21
temp.24 = temp.17.x.18
temp.16.x.22 = temp.24
temp.25 = temp.17.y.19
temp.16.y.23 = temp.25
temp.28 = temp.16.x.22
q.x.26 = temp.28
temp.29 = temp.16.y.23
q.y.27 = temp.29
temp.33 = q.x.26
temp.30.x.31 = temp.33
temp.34 = q.y.27
temp.30.y.32 = temp.34
temp.35 = temp.30.x.31
p.x.12 = temp.35
temp.36 = temp.30.y.32
p.y.13 = temp.36
return
