---
source: compiler/src/compile/ir.rs
expression: output
input_file: compiler/src/compile/snapshot_tests/ir/struct_assignment_reassign.tapir
---
=======================
fn @toplevel() -> 

---- block 0 ----
temp.4 = int 1
temp.5 = int 2
p.x.2 = temp.4
p.y.3 = temp.5
temp.8 = int 3
temp.9 = int 4
q.x.6 = temp.8
q.y.7 = temp.9
temp.10.x.11 = q.x.6
temp.10.y.12 = q.y.7
p.x.2 = temp.10.x.11
p.y.3 = temp.10.y.12
return
