---
source: compiler/src/compile/type_visitor.rs
expression: err_str
input_file: compiler/src/compile/snapshot_tests/type_visitor/spawn_block_local_capture_fail.tapir
---
[E0001] Error: Unknown variable 'x'
   ╭─[ spawn_block_local_capture_fail.tapir:4:13 ]
   │
 4 │         x = x + 1;
   │             ┬  
   │             ╰── Unknown variable
───╯
[E0001] Error: Unknown variable 'x'
   ╭─[ spawn_block_local_capture_fail.tapir:4:9 ]
   │
 4 │         x = x + 1;
   │         ┬  
   │         ╰── Unknown variable
───╯
