---
source: compiler/src/compile/ir.rs
expression: output
input_file: compiler/src/compile/snapshot_tests/ir/method_on_struct.tapir
---
=======================
fn @toplevel() -> 

---- block 0 ----
temp.6 = int 3
temp.7 = int 4
temp.3.x.4 = temp.6
temp.3.y.5 = temp.7
p.x.8 = temp.3.x.4
p.y.9 = temp.3.y.5
temp.11.x.12 = p.x.8
temp.11.y.13 = p.y.9
temp.10 = Point@sum(temp.11.x.12, temp.11.y.13)
total.1 = temp.10
return 

=======================
fn Point@sum(self.x.14, self.y.15) -> int

---- block 0 ----
temp.19.x.20 = self.x.14
temp.19.y.21 = self.y.15
temp.17 = temp.19.x.20
temp.22.x.23 = self.x.14
temp.22.y.24 = self.y.15
temp.18 = temp.22.y.24
temp.16 = temp.17 + temp.18
return temp.16
