---
source: compiler/src/compile/ir.rs
expression: output
input_file: compiler/src/compile/snapshot_tests/ir/field_access_nested.tapir
---
=======================
fn @toplevel() -> 

---- block 0 ----
return 

=======================
fn test_nested_access() -> 

---- block 0 ----
temp.4 = int 0
temp.5 = int 0
temp.3.x.6 = temp.4
temp.3.y.7 = temp.5
temp.9 = int 10
temp.10 = int 20
temp.8.x.11 = temp.9
temp.8.y.12 = temp.10
r.origin.x.14 = temp.3.x.6
r.origin.y.15 = temp.3.y.7
r.size.x.17 = temp.8.x.11
r.size.y.18 = temp.8.y.12
temp.21.origin.x.23 = r.origin.x.14
temp.21.origin.y.24 = r.origin.y.15
temp.21.size.x.26 = r.size.x.17
temp.21.size.y.27 = r.size.y.18
temp.20.x.28 = temp.21.origin.x.23
temp.20.y.29 = temp.21.origin.y.24
temp.19 = temp.20.x.28
x.1 = temp.19
temp.32.origin.x.34 = r.origin.x.14
temp.32.origin.y.35 = r.origin.y.15
temp.32.size.x.37 = r.size.x.17
temp.32.size.y.38 = r.size.y.18
temp.31.x.39 = temp.32.size.x.37
temp.31.y.40 = temp.32.size.y.38
temp.30 = temp.31.y.40
y.2 = temp.30
return
