---
source: compiler/src/compile/ir.rs
expression: output
input_file: compiler/src/compile/snapshot_tests/ir/struct_constructor_nested.tapir
---
=======================
fn @toplevel() -> 

---- block 0 ----
return 

=======================
fn test_nested_constructor() -> 

---- block 0 ----
temp.14 = int 0
temp.15 = int 0
temp.11.x.12 = temp.14
temp.11.y.13 = temp.15
temp.18 = temp.11.x.12
temp.10.x.16 = temp.18
temp.19 = temp.11.y.13
temp.10.y.17 = temp.19
temp.24 = int 100
temp.25 = int 200
temp.21.x.22 = temp.24
temp.21.y.23 = temp.25
temp.28 = temp.21.x.22
temp.20.x.26 = temp.28
temp.29 = temp.21.y.23
temp.20.y.27 = temp.29
temp.3.origin.x.5 = temp.10.x.16
temp.3.origin.y.6 = temp.10.y.17
temp.3.size.x.8 = temp.20.x.26
temp.3.size.y.9 = temp.20.y.27
temp.36 = temp.3.origin.x.5
r.origin.x.31 = temp.36
temp.37 = temp.3.origin.y.6
r.origin.y.32 = temp.37
temp.38 = temp.3.size.x.8
r.size.x.34 = temp.38
temp.39 = temp.3.size.y.9
r.size.y.35 = temp.39
return 

=======================
fn test_mixed_fields() -> 

---- block 0 ----
temp.52 = int 0
temp.53 = int 0
temp.49.x.50 = temp.52
temp.49.y.51 = temp.53
temp.56 = temp.49.x.50
temp.48.x.54 = temp.56
temp.57 = temp.49.y.51
temp.48.y.55 = temp.57
temp.58 = int 5
temp.63 = int 100
temp.64 = int 100
temp.60.x.61 = temp.63
temp.60.y.62 = temp.64
temp.67 = temp.60.x.61
temp.59.x.65 = temp.67
temp.68 = temp.60.y.62
temp.59.y.66 = temp.68
temp.40.start.x.42 = temp.48.x.54
temp.40.start.y.43 = temp.48.y.55
temp.40.thickness.44 = temp.58
temp.40.end.x.46 = temp.59.x.65
temp.40.end.y.47 = temp.59.y.66
temp.76 = temp.40.start.x.42
line.start.x.70 = temp.76
temp.77 = temp.40.start.y.43
line.start.y.71 = temp.77
temp.78 = temp.40.thickness.44
line.thickness.72 = temp.78
temp.79 = temp.40.end.x.46
line.end.x.74 = temp.79
temp.80 = temp.40.end.y.47
line.end.y.75 = temp.80
return 

=======================
fn test_deep_nesting() -> 

---- block 0 ----
temp.101 = int 0
temp.102 = int 0
temp.98.x.99 = temp.101
temp.98.y.100 = temp.102
temp.105 = temp.98.x.99
temp.97.x.103 = temp.105
temp.106 = temp.98.y.100
temp.97.y.104 = temp.106
temp.111 = int 50
temp.112 = int 50
temp.108.x.109 = temp.111
temp.108.y.110 = temp.112
temp.115 = temp.108.x.109
temp.107.x.113 = temp.115
temp.116 = temp.108.y.110
temp.107.y.114 = temp.116
temp.90.origin.x.92 = temp.97.x.103
temp.90.origin.y.93 = temp.97.y.104
temp.90.size.x.95 = temp.107.x.113
temp.90.size.y.96 = temp.107.y.114
temp.123 = temp.90.origin.x.92
temp.89.origin.x.118 = temp.123
temp.124 = temp.90.origin.y.93
temp.89.origin.y.119 = temp.124
temp.125 = temp.90.size.x.95
temp.89.size.x.121 = temp.125
temp.126 = temp.90.size.y.96
temp.89.size.y.122 = temp.126
temp.81.bounds.origin.x.84 = temp.89.origin.x.118
temp.81.bounds.origin.y.85 = temp.89.origin.y.119
temp.81.bounds.size.x.87 = temp.89.size.x.121
temp.81.bounds.size.y.88 = temp.89.size.y.122
temp.134 = temp.81.bounds.origin.x.84
b.bounds.origin.x.129 = temp.134
temp.135 = temp.81.bounds.origin.y.85
b.bounds.origin.y.130 = temp.135
temp.136 = temp.81.bounds.size.x.87
b.bounds.size.x.132 = temp.136
temp.137 = temp.81.bounds.size.y.88
b.bounds.size.y.133 = temp.137
return
