---
source: compiler/src/compile/ir.rs
expression: output
input_file: compiler/src/compile/snapshot_tests/ir/struct_assignment_nested.tapir
---
=======================
fn @toplevel() -> 

---- block 0 ----
temp.4 = int 0
temp.5 = int 0
temp.3.x.6 = temp.4
temp.3.y.7 = temp.5
temp.9 = int 10
temp.10 = int 10
temp.8.x.11 = temp.9
temp.8.y.12 = temp.10
temp.2.origin.x.14 = temp.3.x.6
temp.2.origin.y.15 = temp.3.y.7
temp.2.size.x.17 = temp.8.x.11
temp.2.size.y.18 = temp.8.y.12
temp.25 = temp.2.origin.x.14
r1.origin.x.20 = temp.25
temp.26 = temp.2.origin.y.15
r1.origin.y.21 = temp.26
temp.27 = temp.2.size.x.17
r1.size.x.23 = temp.27
temp.28 = temp.2.size.y.18
r1.size.y.24 = temp.28
temp.36 = r1.origin.x.20
temp.29.origin.x.31 = temp.36
temp.37 = r1.origin.y.21
temp.29.origin.y.32 = temp.37
temp.38 = r1.size.x.23
temp.29.size.x.34 = temp.38
temp.39 = r1.size.y.24
temp.29.size.y.35 = temp.39
temp.46 = temp.29.origin.x.31
r2.origin.x.41 = temp.46
temp.47 = temp.29.origin.y.32
r2.origin.y.42 = temp.47
temp.48 = temp.29.size.x.34
r2.size.x.44 = temp.48
temp.49 = temp.29.size.y.35
r2.size.y.45 = temp.49
return
