---
source: compiler/src/compile/ir.rs
expression: output
input_file: compiler/src/compile/snapshot_tests/ir/field_assignment_nested.tapir
---
=======================
fn @toplevel() -> 

---- block 0 ----
temp.3 = int 0
temp.4 = int 0
temp.2.x.5 = temp.3
temp.2.y.6 = temp.4
temp.8 = int 10
temp.9 = int 10
temp.7.x.10 = temp.8
temp.7.y.11 = temp.9
temp.1.origin.x.13 = temp.2.x.5
temp.1.origin.y.14 = temp.2.y.6
temp.1.size.x.16 = temp.7.x.10
temp.1.size.y.17 = temp.7.y.11
temp.24 = temp.1.origin.x.13
r.origin.x.19 = temp.24
temp.25 = temp.1.origin.y.14
r.origin.y.20 = temp.25
temp.26 = temp.1.size.x.16
r.size.x.22 = temp.26
temp.27 = temp.1.size.y.17
r.size.y.23 = temp.27
temp.28 = int 5
r.origin.x.19 = temp.28
temp.29 = int 20
r.size.y.23 = temp.29
return
