---
source: compiler/src/compile/symtab_visitor.rs
expression: script
input_file: compiler/src/compile/snapshot_tests/symtab_visitor/symbols_in_return_success.tapir
---
Script(
  struct_declarations: [],
  property_declarations: [],
  globals: [],
  functions: [
    Function(
      name: "@toplevel",
      span: "[span]",
      statements: [],
      arguments: [],
      return_types: FunctionReturn(
        types: [],
        span: "[span]",
      ),
      modifiers: FunctionModifiers(
        is_event_handler: None,
      ),
      meta: {
        "compiler::ast::FunctionId": "FunctionId(0)",
        "compiler::compile::symtab_visitor::FunctionArgumentSymbols": "FunctionArgumentSymbols([])",
      },
    ),
    Function(
      name: "my_function",
      span: "[span]",
      statements: [
        Statement(
          span: "[span]",
          kind: VariableDeclaration(
            idents: [
              TypedIdent(
                ident: Ident(
                  span: "[span]",
                  ident: "x",
                ),
                ty: None,
              ),
            ],
            values: [
              Expression(
                span: "[span]",
                kind: Integer(5),
                meta: {},
              ),
            ],
          ),
          meta: {
            "alloc::vec::Vec<compiler::ast::SymbolId>": "[SymbolId(2)]",
          },
        ),
        Statement(
          span: "[span]",
          kind: Return(
            values: [
              Expression(
                span: "[span]",
                kind: BinaryOperation(
                  lhs: Expression(
                    span: "[span]",
                    kind: Variable("x"),
                    meta: {
                      "compiler::ast::SymbolId": "SymbolId(2)",
                    },
                  ),
                  operator: Add,
                  rhs: Expression(
                    span: "[span]",
                    kind: Variable("a"),
                    meta: {
                      "compiler::ast::SymbolId": "SymbolId(0)",
                    },
                  ),
                ),
                meta: {},
              ),
              Expression(
                span: "[span]",
                kind: BinaryOperation(
                  lhs: Expression(
                    span: "[span]",
                    kind: Variable("b"),
                    meta: {
                      "compiler::ast::SymbolId": "SymbolId(1)",
                    },
                  ),
                  operator: Add,
                  rhs: Expression(
                    span: "[span]",
                    kind: Integer(3),
                    meta: {},
                  ),
                ),
                meta: {},
              ),
            ],
          ),
          meta: {},
        ),
      ],
      arguments: [
        TypedIdent(
          ident: Ident(
            span: "[span]",
            ident: "a",
          ),
          ty: Some(TypeWithLocation(
            t: Int,
            span: "[span]",
          )),
        ),
        TypedIdent(
          ident: Ident(
            span: "[span]",
            ident: "b",
          ),
          ty: Some(TypeWithLocation(
            t: Fix,
            span: "[span]",
          )),
        ),
      ],
      return_types: FunctionReturn(
        types: [
          TypeWithLocation(
            t: Int,
            span: "[span]",
          ),
          TypeWithLocation(
            t: Fix,
            span: "[span]",
          ),
        ],
        span: "[span]",
      ),
      modifiers: FunctionModifiers(
        is_event_handler: None,
      ),
      meta: {
        "compiler::ast::FunctionId": "FunctionId(1)",
        "compiler::compile::symtab_visitor::FunctionArgumentSymbols": "FunctionArgumentSymbols([SymbolId(0), SymbolId(1)])",
      },
    ),
  ],
  extern_functions: [],
  builtin_functions: [],
)
