---
source: compiler/src/compile/ir.rs
expression: output
input_file: compiler/src/compile/snapshot_tests/ir/field_access_on_call.tapir
---
=======================
fn @toplevel() -> 

---- block 0 ----
return 

=======================
fn make_point() -> int, int

---- block 0 ----
temp.7 = int 10
temp.8 = int 20
temp.4.x.5 = temp.7
temp.4.y.6 = temp.8
temp.11 = temp.4.x.5
temp.3.x.9 = temp.11
temp.12 = temp.4.y.6
temp.3.y.10 = temp.12
return temp.3.x.9, temp.3.y.10

=======================
fn test_field_on_call() -> 

---- block 0 ----
temp.14.x.15, temp.14.y.16 = make_point()
temp.13 = temp.14.x.15
x.0 = temp.13
temp.18.x.19, temp.18.y.20 = make_point()
temp.17 = temp.18.y.20
y.1 = temp.17
return 

=======================
fn test_field_on_call_in_expression() -> 

---- block 0 ----
temp.24.x.25, temp.24.y.26 = make_point()
temp.22 = temp.24.x.25
temp.27.x.28, temp.27.y.29 = make_point()
temp.23 = temp.27.y.29
temp.21 = temp.22 + temp.23
sum.2 = temp.21
return
