---
source: compiler/src/compile/ir.rs
expression: output
input_file: compiler/src/compile/snapshot_tests/ir/struct_constructor_simple.tapir
---
=======================
fn @toplevel() -> 

---- block 0 ----
return 

=======================
fn test_literal_args() -> 

---- block 0 ----
temp.8 = int 1
temp.9 = int 2
temp.7.x.10 = temp.8
temp.7.y.11 = temp.9
temp.14 = temp.7.x.10
p.x.12 = temp.14
temp.15 = temp.7.y.11
p.y.13 = temp.15
return 

=======================
fn test_variable_args() -> 

---- block 0 ----
temp.16 = int 5
x.1 = temp.16
temp.17 = int 10
y.2 = temp.17
temp.19 = x.1
temp.20 = y.2
temp.18.x.21 = temp.19
temp.18.y.22 = temp.20
temp.25 = temp.18.x.21
p.x.23 = temp.25
temp.26 = temp.18.y.22
p.y.24 = temp.26
return 

=======================
fn test_expression_args() -> 

---- block 0 ----
temp.27 = int 10
a.4 = temp.27
temp.28 = int 20
b.5 = temp.28
temp.31 = a.4
temp.32 = int 1
temp.30 = temp.31 + temp.32
temp.34 = b.5
temp.35 = int 2
temp.33 = temp.34 * temp.35
temp.29.x.36 = temp.30
temp.29.y.37 = temp.33
temp.40 = temp.29.x.36
p.x.38 = temp.40
temp.41 = temp.29.y.37
p.y.39 = temp.41
return
