---
source: compiler/src/compile/ir.rs
expression: output
input_file: compiler/src/compile/snapshot_tests/ir/operator_overload.tapir
---
=======================
fn @toplevel() -> 

---- block 0 ----
temp.8 = int 1
temp.9 = int 2
temp.5.x.6 = temp.8
temp.5.y.7 = temp.9
p1.x.10 = temp.5.x.6
p1.y.11 = temp.5.y.7
temp.15 = int 3
temp.16 = int 4
temp.12.x.13 = temp.15
temp.12.y.14 = temp.16
p2.x.17 = temp.12.x.13
p2.y.18 = temp.12.y.14
temp.23 = p1.x.10
temp.20.x.21 = temp.23
temp.24 = p1.y.11
temp.20.y.22 = temp.24
temp.28 = p2.x.17
temp.25.x.26 = temp.28
temp.29 = p2.y.18
temp.25.y.27 = temp.29
temp.19.x.30, temp.19.y.31 = Point@+@Point(temp.20.x.21, temp.20.y.22, temp.25.x.26, temp.25.y.27)
temp.34 = temp.19.x.30
p3.x.32 = temp.34
temp.35 = temp.19.y.31
p3.y.33 = temp.35
return 

=======================
fn Point@+@Point(a.x.36, a.y.37, b.x.38, b.y.39) -> int, int

---- block 0 ----
temp.50 = a.x.36
temp.47.x.48 = temp.50
temp.51 = a.y.37
temp.47.y.49 = temp.51
temp.45 = temp.47.x.48
temp.55 = b.x.38
temp.52.x.53 = temp.55
temp.56 = b.y.39
temp.52.y.54 = temp.56
temp.46 = temp.52.x.53
temp.44 = temp.45 + temp.46
temp.63 = a.x.36
temp.60.x.61 = temp.63
temp.64 = a.y.37
temp.60.y.62 = temp.64
temp.58 = temp.60.y.62
temp.68 = b.x.38
temp.65.x.66 = temp.68
temp.69 = b.y.39
temp.65.y.67 = temp.69
temp.59 = temp.65.y.67
temp.57 = temp.58 + temp.59
temp.41.x.42 = temp.44
temp.41.y.43 = temp.57
temp.40.x.70 = temp.41.x.42
temp.40.y.71 = temp.41.y.43
return temp.40.x.70, temp.40.y.71
