---
source: compiler/src/compile/ir.rs
expression: output
input_file: compiler/src/compile/snapshot_tests/ir/field_access_nested.tapir
---
=======================
fn @toplevel() -> 

---- block 0 ----
return 

=======================
fn test_nested_access() -> 

---- block 0 ----
temp.5 = int 0
temp.6 = int 0
temp.4.x.7 = temp.5
temp.4.y.8 = temp.6
temp.10 = int 10
temp.11 = int 20
temp.9.x.12 = temp.10
temp.9.y.13 = temp.11
temp.3.origin.x.15 = temp.4.x.7
temp.3.origin.y.16 = temp.4.y.8
temp.3.size.x.18 = temp.9.x.12
temp.3.size.y.19 = temp.9.y.13
temp.26 = temp.3.origin.x.15
r.origin.x.21 = temp.26
temp.27 = temp.3.origin.y.16
r.origin.y.22 = temp.27
temp.28 = temp.3.size.x.18
r.size.x.24 = temp.28
temp.29 = temp.3.size.y.19
r.size.y.25 = temp.29
temp.39 = r.origin.x.21
temp.32.origin.x.34 = temp.39
temp.40 = r.origin.y.22
temp.32.origin.y.35 = temp.40
temp.41 = r.size.x.24
temp.32.size.x.37 = temp.41
temp.42 = r.size.y.25
temp.32.size.y.38 = temp.42
temp.45 = temp.32.origin.x.34
temp.31.x.43 = temp.45
temp.46 = temp.32.origin.y.35
temp.31.y.44 = temp.46
temp.30 = temp.31.x.43
x.1 = temp.30
temp.56 = r.origin.x.21
temp.49.origin.x.51 = temp.56
temp.57 = r.origin.y.22
temp.49.origin.y.52 = temp.57
temp.58 = r.size.x.24
temp.49.size.x.54 = temp.58
temp.59 = r.size.y.25
temp.49.size.y.55 = temp.59
temp.62 = temp.49.size.x.54
temp.48.x.60 = temp.62
temp.63 = temp.49.size.y.55
temp.48.y.61 = temp.63
temp.47 = temp.48.y.61
y.2 = temp.47
return
