---
source: compiler/src/compile/ir.rs
expression: output
input_file: compiler/src/compile/snapshot_tests/ir/struct_function_both.tapir
---
=======================
fn @toplevel() -> 

---- block 0 ----
temp.7 = int 1
temp.8 = int 2
p1.x.5 = temp.7
p1.y.6 = temp.8
temp.11 = int 3
temp.12 = int 4
p2.x.9 = temp.11
p2.y.10 = temp.12
temp.14.x.15 = p1.x.5
temp.14.y.16 = p1.y.6
temp.17.x.18 = p2.x.9
temp.17.y.19 = p2.y.10
temp.13.x.20, temp.13.y.21 = add_points(temp.14.x.15, temp.14.y.16, temp.17.x.18, temp.17.y.19)
sum.x.22 = temp.13.x.20
sum.y.23 = temp.13.y.21
return 

=======================
fn add_points(a.x.24, a.y.25, b.x.26, b.y.27) -> int, int

---- block 0 ----
temp.34.x.35 = a.x.24
temp.34.y.36 = a.y.25
temp.32 = temp.34.x.35
temp.37.x.38 = b.x.26
temp.37.y.39 = b.y.27
temp.33 = temp.37.x.38
temp.31 = temp.32 + temp.33
temp.43.x.44 = a.x.24
temp.43.y.45 = a.y.25
temp.41 = temp.43.y.45
temp.46.x.47 = b.x.26
temp.46.y.48 = b.y.27
temp.42 = temp.46.y.48
temp.40 = temp.41 + temp.42
temp.28.x.29 = temp.31
temp.28.y.30 = temp.40
return temp.28.x.29, temp.28.y.30
