---
source: compiler/src/compile/ir.rs
expression: output
input_file: compiler/src/compile/snapshot_tests/ir/struct_constructor_nested.tapir
---
=======================
fn @toplevel() -> 

---- block 0 ----
return 

=======================
fn test_nested_constructor() -> 

---- block 0 ----
temp.12 = int 0
temp.13 = int 0
temp.9.x.10 = temp.12
temp.9.y.11 = temp.13
temp.17 = int 100
temp.18 = int 200
temp.14.x.15 = temp.17
temp.14.y.16 = temp.18
r.origin.x.4 = temp.9.x.10
r.origin.y.5 = temp.9.y.11
r.size.x.7 = temp.14.x.15
r.size.y.8 = temp.14.y.16
return 

=======================
fn test_mixed_fields() -> 

---- block 0 ----
temp.29 = int 0
temp.30 = int 0
temp.26.x.27 = temp.29
temp.26.y.28 = temp.30
temp.31 = int 5
temp.35 = int 100
temp.36 = int 100
temp.32.x.33 = temp.35
temp.32.y.34 = temp.36
line.start.x.20 = temp.26.x.27
line.start.y.21 = temp.26.y.28
line.thickness.22 = temp.31
line.end.x.24 = temp.32.x.33
line.end.y.25 = temp.32.y.34
return 

=======================
fn test_deep_nesting() -> 

---- block 0 ----
temp.54 = int 0
temp.55 = int 0
temp.51.x.52 = temp.54
temp.51.y.53 = temp.55
temp.59 = int 50
temp.60 = int 50
temp.56.x.57 = temp.59
temp.56.y.58 = temp.60
temp.44.origin.x.46 = temp.51.x.52
temp.44.origin.y.47 = temp.51.y.53
temp.44.size.x.49 = temp.56.x.57
temp.44.size.y.50 = temp.56.y.58
b.bounds.origin.x.39 = temp.44.origin.x.46
b.bounds.origin.y.40 = temp.44.origin.y.47
b.bounds.size.x.42 = temp.44.size.x.49
b.bounds.size.y.43 = temp.44.size.y.50
return
