---
source: compiler/src/compile/ir.rs
expression: output
input_file: compiler/src/compile/snapshot_tests/ir/field_access_nested.tapir
---
=======================
fn @toplevel() -> 

---- block 0 ----
return 

=======================
fn test_nested_access() -> 

---- block 0 ----
temp.14 = int 0
temp.15 = int 0
temp.11.x.12 = temp.14
temp.11.y.13 = temp.15
temp.10.x.16 = temp.11.x.12
temp.10.y.17 = temp.11.y.13
temp.22 = int 10
temp.23 = int 20
temp.19.x.20 = temp.22
temp.19.y.21 = temp.23
temp.18.x.24 = temp.19.x.20
temp.18.y.25 = temp.19.y.21
temp.3.origin.x.5 = temp.10.x.16
temp.3.origin.y.6 = temp.10.y.17
temp.3.size.x.8 = temp.18.x.24
temp.3.size.y.9 = temp.18.y.25
r.origin.x.27 = temp.3.origin.x.5
r.origin.y.28 = temp.3.origin.y.6
r.size.x.30 = temp.3.size.x.8
r.size.y.31 = temp.3.size.y.9
temp.41 = r.origin.x.27
temp.34.origin.x.36 = temp.41
temp.42 = r.origin.y.28
temp.34.origin.y.37 = temp.42
temp.43 = r.size.x.30
temp.34.size.x.39 = temp.43
temp.44 = r.size.y.31
temp.34.size.y.40 = temp.44
temp.47 = temp.34.origin.x.36
temp.33.x.45 = temp.47
temp.48 = temp.34.origin.y.37
temp.33.y.46 = temp.48
temp.32 = temp.33.x.45
x.1 = temp.32
temp.58 = r.origin.x.27
temp.51.origin.x.53 = temp.58
temp.59 = r.origin.y.28
temp.51.origin.y.54 = temp.59
temp.60 = r.size.x.30
temp.51.size.x.56 = temp.60
temp.61 = r.size.y.31
temp.51.size.y.57 = temp.61
temp.64 = temp.51.size.x.56
temp.50.x.62 = temp.64
temp.65 = temp.51.size.y.57
temp.50.y.63 = temp.65
temp.49 = temp.50.y.63
y.2 = temp.49
return
