---
source: compiler/src/compile/ir.rs
expression: output
input_file: compiler/src/compile/snapshot_tests/ir/field_access_on_call.tapir
---
=======================
fn @toplevel() -> 

---- block 0 ----
return 

=======================
fn make_point() -> int, int

---- block 0 ----
temp.7 = int 10
temp.8 = int 20
temp.4.x.5 = temp.7
temp.4.y.6 = temp.8
temp.3.x.9 = temp.4.x.5
temp.3.y.10 = temp.4.y.6
return temp.3.x.9, temp.3.y.10

=======================
fn test_field_on_call() -> 

---- block 0 ----
temp.12.x.13, temp.12.y.14 = make_point()
temp.11 = temp.12.x.13
x.0 = temp.11
temp.16.x.17, temp.16.y.18 = make_point()
temp.15 = temp.16.y.18
y.1 = temp.15
return 

=======================
fn test_field_on_call_in_expression() -> 

---- block 0 ----
temp.22.x.23, temp.22.y.24 = make_point()
temp.20 = temp.22.x.23
temp.25.x.26, temp.25.y.27 = make_point()
temp.21 = temp.25.y.27
temp.19 = temp.20 + temp.21
sum.2 = temp.19
return
